Archive member included to satisfy reference by file (symbol)

/usr/lib/gcc/arm-none-eabi/7.3.1/thumb/v6-m/libgcc.a(_dvmd_tls.o)
                              CMakeFiles/webServer.dir/home/pi/pico/pico-sdk/src/rp2_common/pico_divider/divider.S.obj (__aeabi_idiv0)
/usr/lib/gcc/arm-none-eabi/7.3.1/../../../arm-none-eabi/lib/thumb/v6-m/libc.a(lib_a-atexit.o)
                              /usr/lib/gcc/arm-none-eabi/7.3.1/../../../arm-none-eabi/lib/thumb/v6-m/crt0.o (atexit)
/usr/lib/gcc/arm-none-eabi/7.3.1/../../../arm-none-eabi/lib/thumb/v6-m/libc.a(lib_a-atoi.o)
                              CMakeFiles/webServer.dir/home/pi/pico/pico-sdk/lib/lwip/src/core/netif.c.obj (atoi)
/usr/lib/gcc/arm-none-eabi/7.3.1/../../../arm-none-eabi/lib/thumb/v6-m/libc.a(lib_a-calloc.o)
                              CMakeFiles/webServer.dir/home/pi/pico/pico-sdk/src/rp2_common/pico_malloc/pico_malloc.c.obj (calloc)
/usr/lib/gcc/arm-none-eabi/7.3.1/../../../arm-none-eabi/lib/thumb/v6-m/libc.a(lib_a-callocr.o)
                              /usr/lib/gcc/arm-none-eabi/7.3.1/../../../arm-none-eabi/lib/thumb/v6-m/libc.a(lib_a-calloc.o) (_calloc_r)
/usr/lib/gcc/arm-none-eabi/7.3.1/../../../arm-none-eabi/lib/thumb/v6-m/libc.a(lib_a-ctype_.o)
                              CMakeFiles/webServer.dir/home/pi/pico/pico-sdk/lib/lwip/src/core/dns.c.obj (_ctype_)
/usr/lib/gcc/arm-none-eabi/7.3.1/../../../arm-none-eabi/lib/thumb/v6-m/libc.a(lib_a-fini.o)
                              /usr/lib/gcc/arm-none-eabi/7.3.1/../../../arm-none-eabi/lib/thumb/v6-m/crt0.o (__libc_fini_array)
/usr/lib/gcc/arm-none-eabi/7.3.1/../../../arm-none-eabi/lib/thumb/v6-m/libc.a(lib_a-impure.o)
                              /usr/lib/gcc/arm-none-eabi/7.3.1/../../../arm-none-eabi/lib/thumb/v6-m/libc.a(lib_a-calloc.o) (_impure_ptr)
/usr/lib/gcc/arm-none-eabi/7.3.1/../../../arm-none-eabi/lib/thumb/v6-m/libc.a(lib_a-init.o)
                              /usr/lib/gcc/arm-none-eabi/7.3.1/../../../arm-none-eabi/lib/thumb/v6-m/crt0.o (__libc_init_array)
/usr/lib/gcc/arm-none-eabi/7.3.1/../../../arm-none-eabi/lib/thumb/v6-m/libc.a(lib_a-malloc.o)
                              CMakeFiles/webServer.dir/home/pi/pico/pico-sdk/src/rp2_common/pico_malloc/pico_malloc.c.obj (malloc)
/usr/lib/gcc/arm-none-eabi/7.3.1/../../../arm-none-eabi/lib/thumb/v6-m/libc.a(lib_a-mallocr.o)
                              /usr/lib/gcc/arm-none-eabi/7.3.1/../../../arm-none-eabi/lib/thumb/v6-m/libc.a(lib_a-callocr.o) (_malloc_r)
/usr/lib/gcc/arm-none-eabi/7.3.1/../../../arm-none-eabi/lib/thumb/v6-m/libc.a(lib_a-memcmp.o)
                              CMakeFiles/webServer.dir/home/pi/pico/pico-sdk/lib/lwip/src/netif/ethernet.c.obj (memcmp)
/usr/lib/gcc/arm-none-eabi/7.3.1/../../../arm-none-eabi/lib/thumb/v6-m/libc.a(lib_a-memmove.o)
                              CMakeFiles/webServer.dir/home/pi/pico/pico-sdk/lib/lwip/src/core/def.c.obj (memmove)
/usr/lib/gcc/arm-none-eabi/7.3.1/../../../arm-none-eabi/lib/thumb/v6-m/libc.a(lib_a-mlock.o)
                              /usr/lib/gcc/arm-none-eabi/7.3.1/../../../arm-none-eabi/lib/thumb/v6-m/libc.a(lib_a-mallocr.o) (__malloc_lock)
/usr/lib/gcc/arm-none-eabi/7.3.1/../../../arm-none-eabi/lib/thumb/v6-m/libc.a(lib_a-realloc.o)
                              CMakeFiles/webServer.dir/home/pi/pico/pico-sdk/src/rp2_common/pico_malloc/pico_malloc.c.obj (realloc)
/usr/lib/gcc/arm-none-eabi/7.3.1/../../../arm-none-eabi/lib/thumb/v6-m/libc.a(lib_a-reallocr.o)
                              /usr/lib/gcc/arm-none-eabi/7.3.1/../../../arm-none-eabi/lib/thumb/v6-m/libc.a(lib_a-realloc.o) (_realloc_r)
/usr/lib/gcc/arm-none-eabi/7.3.1/../../../arm-none-eabi/lib/thumb/v6-m/libc.a(lib_a-sbrkr.o)
                              /usr/lib/gcc/arm-none-eabi/7.3.1/../../../arm-none-eabi/lib/thumb/v6-m/libc.a(lib_a-mallocr.o) (_sbrk_r)
/usr/lib/gcc/arm-none-eabi/7.3.1/../../../arm-none-eabi/lib/thumb/v6-m/libc.a(lib_a-strchr.o)
                              CMakeFiles/webServer.dir/home/pi/pico/pico-sdk/lib/lwip/src/apps/http/httpd.c.obj (strchr)
/usr/lib/gcc/arm-none-eabi/7.3.1/../../../arm-none-eabi/lib/thumb/v6-m/libc.a(lib_a-strcmp.o)
                              CMakeFiles/webServer.dir/webServer.c.obj (strcmp)
/usr/lib/gcc/arm-none-eabi/7.3.1/../../../arm-none-eabi/lib/thumb/v6-m/libc.a(lib_a-strlen-stub.o)
                              CMakeFiles/webServer.dir/home/pi/pico/pico-sdk/src/rp2_common/pico_stdio/stdio.c.obj (strlen)
/usr/lib/gcc/arm-none-eabi/7.3.1/../../../arm-none-eabi/lib/thumb/v6-m/libc.a(lib_a-strncmp.o)
                              CMakeFiles/webServer.dir/home/pi/pico/pico-sdk/lib/lwip/src/core/def.c.obj (strncmp)
/usr/lib/gcc/arm-none-eabi/7.3.1/../../../arm-none-eabi/lib/thumb/v6-m/libc.a(lib_a-strtol.o)
                              /usr/lib/gcc/arm-none-eabi/7.3.1/../../../arm-none-eabi/lib/thumb/v6-m/libc.a(lib_a-atoi.o) (_strtol_r)
/usr/lib/gcc/arm-none-eabi/7.3.1/../../../arm-none-eabi/lib/thumb/v6-m/libc.a(lib_a-__atexit.o)
[...]
Memory Configuration

Name             Origin             Length             Attributes
FLASH            0x10000000         0x00200000         xr
RAM              0x20000000         0x00040000         xrw
SCRATCH_X        0x20040000         0x00001000         xrw
SCRATCH_Y        0x20041000         0x00001000         xrw
*default*        0x00000000         0xffffffff

Linker script and memory map

LOAD /usr/lib/gcc/arm-none-eabi/7.3.1/thumb/v6-m/crti.o
LOAD /usr/lib/gcc/arm-none-eabi/7.3.1/thumb/v6-m/crtbegin.o
LOAD /usr/lib/gcc/arm-none-eabi/7.3.1/../../../arm-none-eabi/lib/thumb/v6-m/crt0.o

.flash_begin    0x10000000        0x0
                0x10000000                __flash_binary_start = .

.boot2          0x10000000      0x100
                0x10000000                __boot2_start__ = .
 *(.boot2)
 .boot2         0x10000000      0x100 /tmp/ccCqhkog.o
                0x10000100                __boot2_end__ = .
                0x00000001                ASSERT (((__boot2_end__ - __boot2_start__) == 0x100), ERROR: Pico second stage bootloader must be 256 bytes in size)

.text           0x10000100    0x194c0
                0x10000100                __logical_binary_start = .
 *(.vectors)
 .vectors       0x10000100       0xd4 CMakeFiles/webServer.dir/home/pi/pico/pico-sdk/src/rp2_common/pico_standard_link/crt0.S.obj
                0x10000100                __vectors
                0x10000100                __VECTOR_TABLE
                0x100001c0                isr_invalid
                0x100001c0                __default_isrs_start
                0x100001c2                isr_nmi
                0x100001c4                isr_hardfault
                0x100001c6                isr_svcall
                0x100001c8                isr_pendsv
                0x100001ca                isr_systick
                0x100001cc                isr_irq30
                0x100001cc                __unhandled_user_irq
                0x100001cc                isr_irq13
                0x100001cc                isr_irq27
                0x100001cc                isr_irq31
                0x100001cc                isr_irq5
                0x100001cc                isr_irq11
                0x100001cc                isr_irq23
                0x100001cc                isr_irq18
                0x100001cc                isr_irq28
                0x100001cc                isr_irq19
                0x100001cc                isr_irq0
                0x100001cc                isr_irq6
                0x100001cc                isr_irq22
                0x100001cc                isr_irq17
                0x100001cc                isr_irq14
                0x100001cc                isr_irq2
                0x100001cc                isr_irq10
                0x100001cc                isr_irq8
                0x100001cc                isr_irq24
                0x100001cc                isr_irq1
                0x100001cc                isr_irq7
                0x100001cc                isr_irq21
                0x100001cc                isr_irq20
                0x100001cc                isr_irq15
                0x100001cc                isr_irq25
                0x100001cc                isr_irq4
                0x100001cc                isr_irq16
                0x100001cc                isr_irq29
                0x100001cc                isr_irq26
                0x100001cc                __default_isrs_end
                0x100001cc                isr_irq3
                0x100001cc                isr_irq12
                0x100001cc                isr_irq9
                0x100001d2                unhandled_user_irq_num_in_r0
 *(.binary_info_header)
 .binary_info_header
                0x100001d4       0x14 CMakeFiles/webServer.dir/home/pi/pico/pico-sdk/src/rp2_common/pico_standard_link/crt0.S.obj
                0x100001e8                __binary_info_header_end = .
 *(.reset)
 .reset         0x100001e8       0xa0 CMakeFiles/webServer.dir/home/pi/pico/pico-sdk/src/rp2_common/pico_standard_link/crt0.S.obj
                0x100001e8                _entry_point
 .reset         0x10000288       0x30 CMakeFiles/webServer.dir/home/pi/pico/pico-sdk/src/rp2_common/pico_standard_link/binary_info.c.obj
 *(.init)
 .init          0x100002b8        0x4 /usr/lib/gcc/arm-none-eabi/7.3.1/thumb/v6-m/crti.o
                0x100002b8                _init
 *(EXCLUDE_FILE(*libm.a: *libc.a:*lib_a-mem*.o *libgcc.a:) .text*)
 .text          0x100002bc       0x98 /usr/lib/gcc/arm-none-eabi/7.3.1/thumb/v6-m/crtbegin.o
 .text.customSSIHandler
                0x10000354       0xb0 CMakeFiles/webServer.dir/webServer.c.obj
                0x10000354                customSSIHandler
 .text.cgiLedHangler
                0x10000404       0x3c CMakeFiles/webServer.dir/webServer.c.obj
                0x10000404                cgiLedHangler
 .text.connectToWiFi
                0x10000440       0x40 CMakeFiles/webServer.dir/webServer.c.obj
                0x10000440                connectToWiFi
 .text.startup.main
                0x10000480       0x84 CMakeFiles/webServer.dir/webServer.c.obj
                0x10000480                main
 .text.gpio_set_function
                0x10000504       0x30 CMakeFiles/webServer.dir/home/pi/pico/pico-sdk/src/rp2_common/hardware_gpio/gpio.c.obj
                0x10000504                gpio_set_function
 .text.gpio_set_pulls
                0x10000534       0x34 CMakeFiles/webServer.dir/home/pi/pico/pico-sdk/src/rp2_common/hardware_gpio/gpio.c.obj
                0x10000534                gpio_set_pulls
 .text.gpio_set_input_hysteresis_enabled
                0x10000568       0x28 CMakeFiles/webServer.dir/home/pi/pico/pico-sdk/src/rp2_common/hardware_gpio/gpio.c.obj
                0x10000568                gpio_set_input_hysteresis_enabled
 .text.gpio_set_irq_enabled
                0x10000590       0x50 CMakeFiles/webServer.dir/home/pi/pico/pico-sdk/src/rp2_common/hardware_gpio/gpio.c.obj
                0x10000590                gpio_set_irq_enabled
 .text.gpio_add_raw_irq_handler_with_order_priority_masked
                0x100005e0       0x44 CMakeFiles/webServer.dir/home/pi/pico/pico-sdk/src/rp2_common/hardware_gpio/gpio.c.obj
                0x100005e0                gpio_add_raw_irq_handler_with_order_priority_masked
 .text.gpio_remove_raw_irq_handler_masked
                0x10000624       0x20 CMakeFiles/webServer.dir/home/pi/pico/pico-sdk/src/rp2_common/hardware_gpio/gpio.c.obj
                0x10000624                gpio_remove_raw_irq_handler_masked
 .text.gpio_init
                0x10000644       0x3c CMakeFiles/webServer.dir/home/pi/pico/pico-sdk/src/rp2_common/hardware_gpio/gpio.c.obj
                0x10000644                gpio_init
 .text.running_on_fpga
                0x10000680       0x10 CMakeFiles/webServer.dir/home/pi/pico/pico-sdk/src/rp2_common/pico_platform/platform.c.obj
                0x10000680                running_on_fpga
 .text.hw_claim_lock
                0x10000690       0x18 CMakeFiles/webServer.dir/home/pi/pico/pico-sdk/src/rp2_common/hardware_claim/claim.c.obj
                0x10000690                hw_claim_lock
 .text.hw_claim_unlock
                0x100006a8       0x14 CMakeFiles/webServer.dir/home/pi/pico/pico-sdk/src/rp2_common/hardware_claim/claim.c.obj
                0x100006a8                hw_claim_unlock
 .text.hw_claim_or_assert
                0x100006bc       0x44 CMakeFiles/webServer.dir/home/pi/pico/pico-sdk/src/rp2_common/hardware_claim/claim.c.obj
                0x100006bc                hw_claim_or_assert
 .text.hw_claim_unused_from_range
                0x10000700       0x9c CMakeFiles/webServer.dir/home/pi/pico/pico-sdk/src/rp2_common/hardware_claim/claim.c.obj
                0x10000700                hw_claim_unused_from_range
 .text.hw_claim_clear
                0x1000079c       0x38 CMakeFiles/webServer.dir/home/pi/pico/pico-sdk/src/rp2_common/hardware_claim/claim.c.obj
                0x1000079c                hw_claim_clear
 .text.spin_locks_reset
                0x100007d4       0x1c CMakeFiles/webServer.dir/home/pi/pico/pico-sdk/src/rp2_common/hardware_sync/sync.c.obj
                0x100007d4                spin_locks_reset
 .text.next_striped_spin_lock_num
                0x100007f0       0x18 CMakeFiles/webServer.dir/home/pi/pico/pico-sdk/src/rp2_common/hardware_sync/sync.c.obj
                0x100007f0                next_striped_spin_lock_num
 .text.irq_set_enabled
                0x10000808       0x24 CMakeFiles/webServer.dir/home/pi/pico/pico-sdk/src/rp2_common/hardware_irq/irq.c.obj
                0x10000808                irq_set_enabled
 .text.irq_set_pending
                0x1000082c       0x10 CMakeFiles/webServer.dir/home/pi/pico/pico-sdk/src/rp2_common/hardware_irq/irq.c.obj
                0x1000082c                irq_set_pending
 .text.irq_get_vtable_handler
                0x1000083c       0x10 CMakeFiles/webServer.dir/home/pi/pico/pico-sdk/src/rp2_common/hardware_irq/irq.c.obj
                0x1000083c                irq_get_vtable_handler
 .text.irq_set_exclusive_handler
                0x1000084c       0x54 CMakeFiles/webServer.dir/home/pi/pico/pico-sdk/src/rp2_common/hardware_irq/irq.c.obj
                0x1000084c                irq_set_exclusive_handler
 .text.irq_add_shared_handler
                0x100008a0      0x1c8 CMakeFiles/webServer.dir/home/pi/pico/pico-sdk/src/rp2_common/hardware_irq/irq.c.obj
                0x100008a0                irq_add_shared_handler
 .text.irq_remove_handler
                0x10000a68      0x1b4 CMakeFiles/webServer.dir/home/pi/pico/pico-sdk/src/rp2_common/hardware_irq/irq.c.obj
                0x10000a68                irq_remove_handler
 .text.irq_set_priority
                0x10000c1c       0x28 CMakeFiles/webServer.dir/home/pi/pico/pico-sdk/src/rp2_common/hardware_irq/irq.c.obj
                0x10000c1c                irq_set_priority
 .text.irq_add_tail_to_free_list
                0x10000c44       0xb4 CMakeFiles/webServer.dir/home/pi/pico/pico-sdk/src/rp2_common/hardware_irq/irq.c.obj
                0x10000c44                irq_add_tail_to_free_list
 .text.irq_init_priorities
                0x10000cf8       0x24 CMakeFiles/webServer.dir/home/pi/pico/pico-sdk/src/rp2_common/hardware_irq/irq.c.obj
                0x10000cf8                irq_init_priorities
 .text.user_irq_unclaim
                0x10000d1c       0x14 CMakeFiles/webServer.dir/home/pi/pico/pico-sdk/src/rp2_common/hardware_irq/irq.c.obj
                0x10000d1c                user_irq_unclaim
 .text.user_irq_claim_unused
                0x10000d30       0x28 CMakeFiles/webServer.dir/home/pi/pico/pico-sdk/src/rp2_common/hardware_irq/irq.c.obj
                0x10000d30                user_irq_claim_unused
 .text.sem_init
                0x10000d58       0x20 CMakeFiles/webServer.dir/home/pi/pico/pico-sdk/src/common/pico_sync/sem.c.obj
                0x10000d58                sem_init
 .text.lock_init
                0x10000d78       0x10 CMakeFiles/webServer.dir/home/pi/pico/pico-sdk/src/common/pico_sync/lock_core.c.obj
                0x10000d78                lock_init
 .text.mutex_init
                0x10000d88       0x1c CMakeFiles/webServer.dir/home/pi/pico/pico-sdk/src/common/pico_sync/mutex.c.obj
                0x10000d88                mutex_init
 .text.recursive_mutex_init
                0x10000da4       0x1c CMakeFiles/webServer.dir/home/pi/pico/pico-sdk/src/common/pico_sync/mutex.c.obj
                0x10000da4                recursive_mutex_init
 .text.timer_pool_entry_comparator
                0x10000dc0       0x34 CMakeFiles/webServer.dir/home/pi/pico/pico-sdk/src/common/pico_time/time.c.obj
                0x10000dc0                timer_pool_entry_comparator
 .text.sleep_until_callback
                0x10000df4       0x30 CMakeFiles/webServer.dir/home/pi/pico/pico-sdk/src/common/pico_time/time.c.obj
 .text.add_alarm_under_lock
                0x10000e24      0x120 CMakeFiles/webServer.dir/home/pi/pico/pico-sdk/src/common/pico_time/time.c.obj
 .text.alarm_pool_alarm_callback
                0x10000f44      0x1bc CMakeFiles/webServer.dir/home/pi/pico/pico-sdk/src/common/pico_time/time.c.obj
 .text.alarm_pool_init_default
                0x10001100       0x6c CMakeFiles/webServer.dir/home/pi/pico/pico-sdk/src/common/pico_time/time.c.obj
                0x10001100                alarm_pool_init_default
 .text.alarm_pool_get_default
                0x1000116c        0x8 CMakeFiles/webServer.dir/home/pi/pico/pico-sdk/src/common/pico_time/time.c.obj
                0x1000116c                alarm_pool_get_default
 .text.alarm_pool_add_alarm_at
                0x10001174      0x19c CMakeFiles/webServer.dir/home/pi/pico/pico-sdk/src/common/pico_time/time.c.obj
                0x10001174                alarm_pool_add_alarm_at
 .text.alarm_pool_cancel_alarm
                0x10001310       0x74 CMakeFiles/webServer.dir/home/pi/pico/pico-sdk/src/common/pico_time/time.c.obj
                0x10001310                alarm_pool_cancel_alarm
 .text.sleep_until
                0x10001384      0x1f0 CMakeFiles/webServer.dir/home/pi/pico/pico-sdk/src/common/pico_time/time.c.obj
                0x10001384                sleep_until
 .text.sleep_ms
                0x10001574       0x34 CMakeFiles/webServer.dir/home/pi/pico/pico-sdk/src/common/pico_time/time.c.obj
                0x10001574                sleep_ms
 .text.best_effort_wfe_or_timeout
                0x100015a8      0x200 CMakeFiles/webServer.dir/home/pi/pico/pico-sdk/src/common/pico_time/time.c.obj
                0x100015a8                best_effort_wfe_or_timeout
 .text.hardware_alarm_irq_handler
                0x100017a8       0xb4 CMakeFiles/webServer.dir/home/pi/pico/pico-sdk/src/rp2_common/hardware_timer/timer.c.obj
 .text.hardware_alarm_claim
                0x1000185c       0x18 CMakeFiles/webServer.dir/home/pi/pico/pico-sdk/src/rp2_common/hardware_timer/timer.c.obj
                0x1000185c                hardware_alarm_claim
 .text.time_us_64
                0x10001874       0x18 CMakeFiles/webServer.dir/home/pi/pico/pico-sdk/src/rp2_common/hardware_timer/timer.c.obj
                0x10001874                time_us_64
 .text.busy_wait_us
                0x1000188c       0x60 CMakeFiles/webServer.dir/home/pi/pico/pico-sdk/src/rp2_common/hardware_timer/timer.c.obj
                0x1000188c                busy_wait_us
 .text.busy_wait_until
                0x100018ec       0x20 CMakeFiles/webServer.dir/home/pi/pico/pico-sdk/src/rp2_common/hardware_timer/timer.c.obj
                0x100018ec                busy_wait_until
 .text.hardware_alarm_set_callback
                0x1000190c       0x8c CMakeFiles/webServer.dir/home/pi/pico/pico-sdk/src/rp2_common/hardware_timer/timer.c.obj
                0x1000190c                hardware_alarm_set_callback
 .text.hardware_alarm_set_target
                0x10001998       0xd8 CMakeFiles/webServer.dir/home/pi/pico/pico-sdk/src/rp2_common/hardware_timer/timer.c.obj
                0x10001998                hardware_alarm_set_target
 .text.hardware_alarm_cancel
                0x10001a70       0x40 CMakeFiles/webServer.dir/home/pi/pico/pico-sdk/src/rp2_common/hardware_timer/timer.c.obj
                0x10001a70                hardware_alarm_cancel
 .text.ph_merge_two_pass.part.3
                0x10001ab0       0xcc CMakeFiles/webServer.dir/home/pi/pico/pico-sdk/src/common/pico_util/pheap.c.obj
 .text.ph_post_alloc_init
                0x10001b7c       0x3c CMakeFiles/webServer.dir/home/pi/pico/pico-sdk/src/common/pico_util/pheap.c.obj
                0x10001b7c                ph_post_alloc_init
 .text.ph_remove_head
                0x10001bb8      0x154 CMakeFiles/webServer.dir/home/pi/pico/pico-sdk/src/common/pico_util/pheap.c.obj
                0x10001bb8                ph_remove_head
 .text.ph_remove_and_free_node
                0x10001d0c      0x2f8 CMakeFiles/webServer.dir/home/pi/pico/pico-sdk/src/common/pico_util/pheap.c.obj
                0x10001d0c                ph_remove_and_free_node
 .text.uart_init
                0x10002004      0x184 CMakeFiles/webServer.dir/home/pi/pico/pico-sdk/src/rp2_common/hardware_uart/uart.c.obj
                0x10002004                uart_init
 .text.clocks_init
                0x10002188      0x2dc CMakeFiles/webServer.dir/home/pi/pico/pico-sdk/src/rp2_common/hardware_clocks/clocks.c.obj
                0x10002188                clocks_init
 .text.clock_get_hz
                0x10002464        0xc CMakeFiles/webServer.dir/home/pi/pico/pico-sdk/src/rp2_common/hardware_clocks/clocks.c.obj
                0x10002464                clock_get_hz
 .text.pll_init
                0x10002470       0xa0 CMakeFiles/webServer.dir/home/pi/pico/pico-sdk/src/rp2_common/hardware_pll/pll.c.obj
                0x10002470                pll_init
 .text.watchdog_start_tick
                0x10002510       0x10 CMakeFiles/webServer.dir/home/pi/pico/pico-sdk/src/rp2_common/hardware_watchdog/watchdog.c.obj
                0x10002510                watchdog_start_tick
 .text.xosc_init
                0x10002520       0x28 CMakeFiles/webServer.dir/home/pi/pico/pico-sdk/src/rp2_common/hardware_xosc/xosc.c.obj
                0x10002520                xosc_init
 .text.runtime_init
                0x10002548       0xf4 CMakeFiles/webServer.dir/home/pi/pico/pico-sdk/src/rp2_common/pico_runtime/runtime.c.obj
                0x10002548                runtime_init
 .text._exit    0x1000263c        0x4 CMakeFiles/webServer.dir/home/pi/pico/pico-sdk/src/rp2_common/pico_runtime/runtime.c.obj
                0x1000263c                _exit
 .text.exit     0x10002640        0x8 CMakeFiles/webServer.dir/home/pi/pico/pico-sdk/src/rp2_common/pico_runtime/runtime.c.obj
                0x10002640                exit
 .text.panic    0x10002648       0x30 CMakeFiles/webServer.dir/home/pi/pico/pico-sdk/src/rp2_common/pico_runtime/runtime.c.obj
                0x10002648                panic
 .text.hard_assertion_failure
                0x10002678        0xc CMakeFiles/webServer.dir/home/pi/pico/pico-sdk/src/rp2_common/pico_runtime/runtime.c.obj
                0x10002678                hard_assertion_failure
 .text._out_buffer
                0x10002684        0x8 CMakeFiles/webServer.dir/home/pi/pico/pico-sdk/src/rp2_common/pico_printf/printf.c.obj
 .text._out_null
                0x1000268c        0x4 CMakeFiles/webServer.dir/home/pi/pico/pico-sdk/src/rp2_common/pico_printf/printf.c.obj
 .text._out_fct
                0x10002690       0x10 CMakeFiles/webServer.dir/home/pi/pico/pico-sdk/src/rp2_common/pico_printf/printf.c.obj
 .text._out_char
                0x100026a0        0xc CMakeFiles/webServer.dir/home/pi/pico/pico-sdk/src/rp2_common/pico_printf/printf.c.obj
 .text._ntoa_format
                0x100026ac      0x270 CMakeFiles/webServer.dir/home/pi/pico/pico-sdk/src/rp2_common/pico_printf/printf.c.obj
 .text._etoa.part.0
                0x1000291c      0x56c CMakeFiles/webServer.dir/home/pi/pico/pico-sdk/src/rp2_common/pico_printf/printf.c.obj
 .text._ftoa    0x10002e88      0x6f8 CMakeFiles/webServer.dir/home/pi/pico/pico-sdk/src/rp2_common/pico_printf/printf.c.obj
 .text._ftoa.part.1
                0x10003580      0x54c CMakeFiles/webServer.dir/home/pi/pico/pico-sdk/src/rp2_common/pico_printf/printf.c.obj
 .text._vsnprintf
                0x10003acc     0x11e0 CMakeFiles/webServer.dir/home/pi/pico/pico-sdk/src/rp2_common/pico_printf/printf.c.obj
 .text.__wrap_snprintf
                0x10004cac       0x28 CMakeFiles/webServer.dir/home/pi/pico/pico-sdk/src/rp2_common/pico_printf/printf.c.obj
                0x10004cac                __wrap_snprintf
 .text.vfctprintf
                0x10004cd4       0x20 CMakeFiles/webServer.dir/home/pi/pico/pico-sdk/src/rp2_common/pico_printf/printf.c.obj
                0x10004cd4                vfctprintf
 .text.weak_raw_vprintf
                0x10004cf4       0x30 CMakeFiles/webServer.dir/home/pi/pico/pico-sdk/src/rp2_common/pico_printf/printf.c.obj
                0x10004cf4                weak_raw_vprintf
 .text          0x10004d24       0x10 CMakeFiles/webServer.dir/home/pi/pico/pico-sdk/src/rp2_common/pico_bit_ops/bit_ops_aeabi.S.obj
 .text.ctzsi    0x10004d34        0xc CMakeFiles/webServer.dir/home/pi/pico/pico-sdk/src/rp2_common/pico_bit_ops/bit_ops_aeabi.S.obj
                0x10004d34                __wrap___ctzsi2
 .text.rom_func_lookup
                0x10004d40       0x10 CMakeFiles/webServer.dir/home/pi/pico/pico-sdk/src/rp2_common/pico_bootrom/bootrom.c.obj
                0x10004d40                rom_func_lookup
 .text.rom_data_lookup
                0x10004d50       0x10 CMakeFiles/webServer.dir/home/pi/pico/pico-sdk/src/rp2_common/pico_bootrom/bootrom.c.obj
                0x10004d50                rom_data_lookup
 .text.rom_funcs_lookup
                0x10004d60       0x3c CMakeFiles/webServer.dir/home/pi/pico/pico-sdk/src/rp2_common/pico_bootrom/bootrom.c.obj
                0x10004d60                rom_funcs_lookup
 .text.__wrap___aeabi_idiv
                0x10004d9c       0x50 CMakeFiles/webServer.dir/home/pi/pico/pico-sdk/src/rp2_common/pico_divider/divider.S.obj
                0x10004d9c                __wrap___aeabi_idivmod
                0x10004d9c                divmod_s32s32
                0x10004d9c                div_s32s32
                0x10004d9c                __wrap___aeabi_idiv
                0x10004da4                divmod_s32s32_unsafe
                0x10004dd0                divmod_s32s32_savestate
 .text.__wrap___aeabi_uidiv
                0x10004dec       0x4c CMakeFiles/webServer.dir/home/pi/pico/pico-sdk/src/rp2_common/pico_divider/divider.S.obj
                0x10004dec                __wrap___aeabi_uidiv
                0x10004dec                __wrap___aeabi_uidivmod
                0x10004dec                div_u32u32
                0x10004dec                divmod_u32u32
                0x10004df4                divmod_u32u32_unsafe
                0x10004e1c                divmod_u32u32_savestate
 .text.__wrap___aeabi_ldiv
                0x10004e38      0x424 CMakeFiles/webServer.dir/home/pi/pico/pico-sdk/src/rp2_common/pico_divider/divider.S.obj
                0x10004e38                div_s64s64
                0x10004e38                divmod_s64s64
                0x10004e38                __wrap___aeabi_ldivmod
                0x10004e68                div_u64u64
                0x10004e68                divmod_u64u64
                0x10004e68                __wrap___aeabi_uldivmod
                0x10004e78                divmod_u64u64_savestate
                0x10004e98                divmod_s64s64_unsafe
                0x10004f20                divmod_u64u64_unsafe
 .text.__wrap___aeabi_darithmetic
                0x1000525c       0x60 CMakeFiles/webServer.dir/home/pi/pico/pico-sdk/src/rp2_common/pico_double/double_aeabi.S.obj
                0x1000525c                __wrap___aeabi_drsub
                0x10005262                __wrap___aeabi_dsub
                0x1000526c                __wrap___aeabi_dadd
                0x10005276                __wrap___aeabi_ddiv
                0x100052aa                __wrap___aeabi_dmul
 .text.__wrap___aeabi_cdcmple
                0x100052bc       0x6c CMakeFiles/webServer.dir/home/pi/pico/pico-sdk/src/rp2_common/pico_double/double_aeabi.S.obj
                0x100052bc                __wrap___aeabi_cdrcmple
                0x100052cc                __wrap___aeabi_cdcmple
                0x100052cc                __wrap___aeabi_cdcmpeq
 .text.__wrap___aeabi_dcmplt
                0x10005328        0xc CMakeFiles/webServer.dir/home/pi/pico/pico-sdk/src/rp2_common/pico_double/double_aeabi.S.obj
                0x10005328                __wrap___aeabi_dcmplt
 .text.__wrap___aeabi_dcmpge
                0x10005334       0x10 CMakeFiles/webServer.dir/home/pi/pico/pico-sdk/src/rp2_common/pico_double/double_aeabi.S.obj
                0x10005334                __wrap___aeabi_dcmpge
 .text.__wrap___aeabi_dcmpgt
                0x10005344        0xa CMakeFiles/webServer.dir/home/pi/pico/pico-sdk/src/rp2_common/pico_double/double_aeabi.S.obj
                0x10005344                __wrap___aeabi_dcmpgt
 .text.__wrap___aeabi_dcmpun
                0x1000534e       0x1c CMakeFiles/webServer.dir/home/pi/pico/pico-sdk/src/rp2_common/pico_double/double_aeabi.S.obj
                0x1000534e                __wrap___aeabi_dcmpun
 *fill*         0x1000536a        0x2 
 .text.__wrap___aeabi_i2d
                0x1000536c       0x38 CMakeFiles/webServer.dir/home/pi/pico/pico-sdk/src/rp2_common/pico_double/double_aeabi.S.obj
                0x1000536c                __wrap___aeabi_ui2d
                0x10005374                __wrap___aeabi_i2d
 .text.__wrap___aeabi_d2iz
                0x100053a4       0x48 CMakeFiles/webServer.dir/home/pi/pico/pico-sdk/src/rp2_common/pico_double/double_aeabi.S.obj
                0x100053a4                __wrap___aeabi_d2iz
                0x100053a4                double2int_z
 .text.__wrap___aeabi_d2uiz
                0x100053ec       0x10 CMakeFiles/webServer.dir/home/pi/pico/pico-sdk/src/rp2_common/pico_double/double_aeabi.S.obj
                0x100053ec                double2uint
                0x100053ec                __wrap___aeabi_d2uiz
 .text.missing_double_func_shim
                0x100053fc        0xc CMakeFiles/webServer.dir/home/pi/pico/pico-sdk/src/rp2_common/pico_double/double_init_rom.c.obj
 .text.__aeabi_double_init
                0x10005408       0x64 CMakeFiles/webServer.dir/home/pi/pico/pico-sdk/src/rp2_common/pico_double/double_init_rom.c.obj
                0x10005408                __aeabi_double_init
 .text.double_table_shim_on_use_helper
                0x1000546c       0x2c CMakeFiles/webServer.dir/home/pi/pico/pico-sdk/src/rp2_common/pico_double/double_v1_rom_shim.S.obj
                0x1000546c                double_table_shim_on_use_helper
 .text.__aeabi_lmul
                0x10005498       0x32 CMakeFiles/webServer.dir/home/pi/pico/pico-sdk/src/rp2_common/pico_int64_ops/pico_int64_ops_aeabi.S.obj
                0x10005498                __wrap___aeabi_lmul
 *fill*         0x100054ca        0x2 
 .text.__wrap___aeabi_farithmetic
                0x100054cc       0x48 CMakeFiles/webServer.dir/home/pi/pico/pico-sdk/src/rp2_common/pico_float/float_aeabi.S.obj
                0x100054cc                __wrap___aeabi_frsub
                0x100054d2                __wrap___aeabi_fsub
                0x100054d8                __wrap___aeabi_fadd
                0x100054de                __wrap___aeabi_fdiv
                0x10005506                __wrap___aeabi_fmul
 .text.__wrap___aeabi_i2f
                0x10005514       0x44 CMakeFiles/webServer.dir/home/pi/pico/pico-sdk/src/rp2_common/pico_float/float_aeabi.S.obj
                0x10005514                __wrap___aeabi_i2f
 .text.__wrap___aeabi_f2d
                0x10005558        0xc CMakeFiles/webServer.dir/home/pi/pico/pico-sdk/src/rp2_common/pico_float/float_aeabi.S.obj
                0x10005558                __wrap___aeabi_f2d
 .text.missing_float_func_shim
                0x10005564        0xc CMakeFiles/webServer.dir/home/pi/pico/pico-sdk/src/rp2_common/pico_float/float_init_rom.c.obj
 .text.__aeabi_float_init
                0x10005570       0x60 CMakeFiles/webServer.dir/home/pi/pico/pico-sdk/src/rp2_common/pico_float/float_init_rom.c.obj
                0x10005570                __aeabi_float_init
 .text          0x100055d0       0x10 CMakeFiles/webServer.dir/home/pi/pico/pico-sdk/src/rp2_common/pico_mem_ops/mem_ops_aeabi.S.obj
                0x100055d0                __aeabi_mem_init
 .text.memset   0x100055e0        0xc CMakeFiles/webServer.dir/home/pi/pico/pico-sdk/src/rp2_common/pico_mem_ops/mem_ops_aeabi.S.obj
                0x100055e0                __wrap_memset
 .text.memcpy   0x100055ec        0xc CMakeFiles/webServer.dir/home/pi/pico/pico-sdk/src/rp2_common/pico_mem_ops/mem_ops_aeabi.S.obj
                0x100055ec                __wrap___aeabi_memcpy
                0x100055ec                __wrap_memcpy
 .text.stdio_out_chars_crlf
                0x100055f8       0x9c CMakeFiles/webServer.dir/home/pi/pico/pico-sdk/src/rp2_common/pico_stdio/stdio.c.obj
 .text.stdio_stack_buffer_flush.part.1
                0x10005694       0xdc CMakeFiles/webServer.dir/home/pi/pico/pico-sdk/src/rp2_common/pico_stdio/stdio.c.obj
 .text.stdio_buffered_printer
                0x10005770       0x20 CMakeFiles/webServer.dir/home/pi/pico/pico-sdk/src/rp2_common/pico_stdio/stdio.c.obj
 .text.__wrap_putchar
                0x10005790       0x94 CMakeFiles/webServer.dir/home/pi/pico/pico-sdk/src/rp2_common/pico_stdio/stdio.c.obj
                0x10005790                __wrap_putchar
 .text.__wrap_puts
                0x10005824       0xdc CMakeFiles/webServer.dir/home/pi/pico/pico-sdk/src/rp2_common/pico_stdio/stdio.c.obj
                0x10005824                __wrap_puts
 .text.stdio_set_driver_enabled
                0x10005900       0x30 CMakeFiles/webServer.dir/home/pi/pico/pico-sdk/src/rp2_common/pico_stdio/stdio.c.obj
                0x10005900                stdio_set_driver_enabled
 .text.__wrap_vprintf
                0x10005930       0x8c CMakeFiles/webServer.dir/home/pi/pico/pico-sdk/src/rp2_common/pico_stdio/stdio.c.obj
                0x10005930                __wrap_vprintf
 .text.__wrap_printf
                0x100059bc       0x18 CMakeFiles/webServer.dir/home/pi/pico/pico-sdk/src/rp2_common/pico_stdio/stdio.c.obj
                0x100059bc                __wrap_printf
 .text.stdio_init_all
                0x100059d4        0xc CMakeFiles/webServer.dir/home/pi/pico/pico-sdk/src/rp2_common/pico_stdio/stdio.c.obj
                0x100059d4                stdio_init_all
 .text.stdio_uart_out_chars
                0x100059e0       0x4c CMakeFiles/webServer.dir/home/pi/pico/pico-sdk/src/rp2_common/pico_stdio_uart/stdio_uart.c.obj
 .text.stdio_uart_in_chars
                0x10005a2c       0x80 CMakeFiles/webServer.dir/home/pi/pico/pico-sdk/src/rp2_common/pico_stdio_uart/stdio_uart.c.obj
                0x10005a2c                stdio_uart_in_chars
 .text.on_uart_rx
                0x10005aac       0x28 CMakeFiles/webServer.dir/home/pi/pico/pico-sdk/src/rp2_common/pico_stdio_uart/stdio_uart.c.obj
 .text.stdio_uart_set_chars_available_callback
                0x10005ad4       0x84 CMakeFiles/webServer.dir/home/pi/pico/pico-sdk/src/rp2_common/pico_stdio_uart/stdio_uart.c.obj
 .text.stdio_uart_init
                0x10005b58       0x48 CMakeFiles/webServer.dir/home/pi/pico/pico-sdk/src/rp2_common/pico_stdio_uart/stdio_uart.c.obj
                0x10005b58                stdio_uart_init
 .text.lwip_timeout_reached
                0x10005ba0        0x8 CMakeFiles/webServer.dir/home/pi/pico/pico-sdk/src/rp2_common/pico_lwip/lwip_nosys.c.obj
 .text.update_next_timeout
                0x10005ba8       0x6c CMakeFiles/webServer.dir/home/pi/pico/pico-sdk/src/rp2_common/pico_lwip/lwip_nosys.c.obj
 .text.lwip_nosys_init
                0x10005c14       0x30 CMakeFiles/webServer.dir/home/pi/pico/pico-sdk/src/rp2_common/pico_lwip/lwip_nosys.c.obj
                0x10005c14                lwip_nosys_init
 .text.lwip_nosys_deinit
                0x10005c44       0x20 CMakeFiles/webServer.dir/home/pi/pico/pico-sdk/src/rp2_common/pico_lwip/lwip_nosys.c.obj
                0x10005c44                lwip_nosys_deinit
 .text.sys_arch_protect
                0x10005c64        0x4 CMakeFiles/webServer.dir/home/pi/pico/pico-sdk/src/rp2_common/pico_lwip/lwip_nosys.c.obj
                0x10005c64                sys_arch_protect
 .text.sys_arch_unprotect
                0x10005c68        0x4 CMakeFiles/webServer.dir/home/pi/pico/pico-sdk/src/rp2_common/pico_lwip/lwip_nosys.c.obj
                0x10005c68                sys_arch_unprotect
 .text.sys_now  0x10005c6c       0x20 CMakeFiles/webServer.dir/home/pi/pico/pico-sdk/src/rp2_common/pico_lwip/lwip_nosys.c.obj
                0x10005c6c                sys_now
 .text.async_context_base_add_at_time_worker
                0x10005c8c       0x28 CMakeFiles/webServer.dir/home/pi/pico/pico-sdk/src/rp2_common/pico_async_context/async_context_base.c.obj
                0x10005c8c                async_context_base_add_at_time_worker
 .text.async_context_base_remove_at_time_worker
                0x10005cb4       0x28 CMakeFiles/webServer.dir/home/pi/pico/pico-sdk/src/rp2_common/pico_async_context/async_context_base.c.obj
                0x10005cb4                async_context_base_remove_at_time_worker
 .text.async_context_base_add_when_pending_worker
                0x10005cdc       0x24 CMakeFiles/webServer.dir/home/pi/pico/pico-sdk/src/rp2_common/pico_async_context/async_context_base.c.obj
                0x10005cdc                async_context_base_add_when_pending_worker
 .text.async_context_base_remove_when_pending_worker
                0x10005d00       0x28 CMakeFiles/webServer.dir/home/pi/pico/pico-sdk/src/rp2_common/pico_async_context/async_context_base.c.obj
                0x10005d00                async_context_base_remove_when_pending_worker
 .text.async_context_base_execute_once
                0x10005d28       0xf8 CMakeFiles/webServer.dir/home/pi/pico/pico-sdk/src/rp2_common/pico_async_context/async_context_base.c.obj
                0x10005d28                async_context_base_execute_once
 .text.splitmix64
                0x10005e20       0x58 CMakeFiles/webServer.dir/home/pi/pico/pico-sdk/src/rp2_common/pico_rand/rand.c.obj
 .text.xoroshiro128ss
                0x10005e78       0x8c CMakeFiles/webServer.dir/home/pi/pico/pico-sdk/src/rp2_common/pico_rand/rand.c.obj
 .text.get_rand_64
                0x10005f04      0x468 CMakeFiles/webServer.dir/home/pi/pico/pico-sdk/src/rp2_common/pico_rand/rand.c.obj
                0x10005f04                get_rand_64
 .text.get_rand_32
                0x1000636c        0x8 CMakeFiles/webServer.dir/home/pi/pico/pico-sdk/src/rp2_common/pico_rand/rand.c.obj
                0x1000636c                get_rand_32
 .text.startup._retrieve_unique_id_on_boot
                0x10006374       0x10 CMakeFiles/webServer.dir/home/pi/pico/pico-sdk/src/rp2_common/pico_unique_id/unique_id.c.obj
 .text.pico_get_unique_board_id
                0x10006384       0x10 CMakeFiles/webServer.dir/home/pi/pico/pico-sdk/src/rp2_common/pico_unique_id/unique_id.c.obj
                0x10006384                pico_get_unique_board_id
 .text.flash_get_unique_id
                0x10006394       0x3c CMakeFiles/webServer.dir/home/pi/pico/pico-sdk/src/rp2_common/hardware_flash/flash.c.obj
                0x10006394                flash_get_unique_id
 .text.lwip_init
                0x100063d0       0x24 CMakeFiles/webServer.dir/home/pi/pico/pico-sdk/lib/lwip/src/core/init.c.obj
                0x100063d0                lwip_init
 .text.lwip_htons
                0x100063f4        0x8 CMakeFiles/webServer.dir/home/pi/pico/pico-sdk/lib/lwip/src/core/def.c.obj
                0x100063f4                lwip_htons
 .text.lwip_htonl
                0x100063fc        0x4 CMakeFiles/webServer.dir/home/pi/pico/pico-sdk/lib/lwip/src/core/def.c.obj
                0x100063fc                lwip_htonl
 .text.lwip_strnstr
                0x10006400       0x5c CMakeFiles/webServer.dir/home/pi/pico/pico-sdk/lib/lwip/src/core/def.c.obj
                0x10006400                lwip_strnstr
 .text.lwip_stricmp
                0x1000645c       0x30 CMakeFiles/webServer.dir/home/pi/pico/pico-sdk/lib/lwip/src/core/def.c.obj
                0x1000645c                lwip_stricmp
 .text.dns_send
                0x1000648c      0x260 CMakeFiles/webServer.dir/home/pi/pico/pico-sdk/lib/lwip/src/core/dns.c.obj
 .text.dns_init
                0x100066ec        0x4 CMakeFiles/webServer.dir/home/pi/pico/pico-sdk/lib/lwip/src/core/dns.c.obj
                0x100066ec                dns_init
 .text.dns_setserver
                0x100066f0       0x2c CMakeFiles/webServer.dir/home/pi/pico/pico-sdk/lib/lwip/src/core/dns.c.obj
                0x100066f0                dns_setserver
 .text.dns_tmr  0x1000671c      0x230 CMakeFiles/webServer.dir/home/pi/pico/pico-sdk/lib/lwip/src/core/dns.c.obj
                0x1000671c                dns_tmr
 .text.inet_chksum_pseudo
                0x1000694c      0x1b0 CMakeFiles/webServer.dir/home/pi/pico/pico-sdk/lib/lwip/src/core/inet_chksum.c.obj
                0x1000694c                inet_chksum_pseudo
 .text.ip_chksum_pseudo
                0x10006afc       0x10 CMakeFiles/webServer.dir/home/pi/pico/pico-sdk/lib/lwip/src/core/inet_chksum.c.obj
                0x10006afc                ip_chksum_pseudo
 .text.inet_chksum
                0x10006b0c       0xd8 CMakeFiles/webServer.dir/home/pi/pico/pico-sdk/lib/lwip/src/core/inet_chksum.c.obj
                0x10006b0c                inet_chksum
 .text.inet_chksum_pbuf
                0x10006be4      0x170 CMakeFiles/webServer.dir/home/pi/pico/pico-sdk/lib/lwip/src/core/inet_chksum.c.obj
                0x10006be4                inet_chksum_pbuf
 .text.mem_init
                0x10006d54       0x40 CMakeFiles/webServer.dir/home/pi/pico/pico-sdk/lib/lwip/src/core/mem.c.obj
                0x10006d54                mem_init
 .text.mem_free
                0x10006d94      0x11c CMakeFiles/webServer.dir/home/pi/pico/pico-sdk/lib/lwip/src/core/mem.c.obj
                0x10006d94                mem_free
 .text.mem_trim
                0x10006eb0       0xf8 CMakeFiles/webServer.dir/home/pi/pico/pico-sdk/lib/lwip/src/core/mem.c.obj
                0x10006eb0                mem_trim
 .text.mem_malloc
                0x10006fa8      0x110 CMakeFiles/webServer.dir/home/pi/pico/pico-sdk/lib/lwip/src/core/mem.c.obj
                0x10006fa8                mem_malloc
 .text.memp_init
                0x100070b8       0x6c CMakeFiles/webServer.dir/home/pi/pico/pico-sdk/lib/lwip/src/core/memp.c.obj
                0x100070b8                memp_init
 .text.memp_malloc
                0x10007124       0x3c CMakeFiles/webServer.dir/home/pi/pico/pico-sdk/lib/lwip/src/core/memp.c.obj
                0x10007124                memp_malloc
 .text.memp_free
                0x10007160       0x38 CMakeFiles/webServer.dir/home/pi/pico/pico-sdk/lib/lwip/src/core/memp.c.obj
                0x10007160                memp_free
 .text.netif_null_output_ip4
                0x10007198        0x8 CMakeFiles/webServer.dir/home/pi/pico/pico-sdk/lib/lwip/src/core/netif.c.obj
 .text.netif_do_set_ipaddr
                0x100071a0       0x70 CMakeFiles/webServer.dir/home/pi/pico/pico-sdk/lib/lwip/src/core/netif.c.obj
 .text.netif_init
                0x10007210        0x4 CMakeFiles/webServer.dir/home/pi/pico/pico-sdk/lib/lwip/src/core/netif.c.obj
                0x10007210                netif_init
 .text.netif_add
                0x10007214      0x158 CMakeFiles/webServer.dir/home/pi/pico/pico-sdk/lib/lwip/src/core/netif.c.obj
                0x10007214                netif_add
 .text.netif_set_addr
                0x1000736c       0xf4 CMakeFiles/webServer.dir/home/pi/pico/pico-sdk/lib/lwip/src/core/netif.c.obj
                0x1000736c                netif_set_addr
 .text.netif_remove
                0x10007460       0x9c CMakeFiles/webServer.dir/home/pi/pico/pico-sdk/lib/lwip/src/core/netif.c.obj
                0x10007460                netif_remove
 .text.netif_set_default
                0x100074fc        0xc CMakeFiles/webServer.dir/home/pi/pico/pico-sdk/lib/lwip/src/core/netif.c.obj
                0x100074fc                netif_set_default
 .text.netif_set_up
                0x10007508       0x3c CMakeFiles/webServer.dir/home/pi/pico/pico-sdk/lib/lwip/src/core/netif.c.obj
                0x10007508                netif_set_up
 .text.netif_set_link_up
                0x10007544       0x44 CMakeFiles/webServer.dir/home/pi/pico/pico-sdk/lib/lwip/src/core/netif.c.obj
                0x10007544                netif_set_link_up
 .text.netif_set_link_down
                0x10007588       0x20 CMakeFiles/webServer.dir/home/pi/pico/pico-sdk/lib/lwip/src/core/netif.c.obj
                0x10007588                netif_set_link_down
 .text.netif_get_by_index
                0x100075a8       0x38 CMakeFiles/webServer.dir/home/pi/pico/pico-sdk/lib/lwip/src/core/netif.c.obj
                0x100075a8                netif_get_by_index
 .text.pbuf_free_ooseq
                0x100075e0       0x34 CMakeFiles/webServer.dir/home/pi/pico/pico-sdk/lib/lwip/src/core/pbuf.c.obj
                0x100075e0                pbuf_free_ooseq
 .text.pbuf_alloc
                0x10007614      0x1a0 CMakeFiles/webServer.dir/home/pi/pico/pico-sdk/lib/lwip/src/core/pbuf.c.obj
                0x10007614                pbuf_alloc
 .text.pbuf_realloc
                0x100077b4       0xe8 CMakeFiles/webServer.dir/home/pi/pico/pico-sdk/lib/lwip/src/core/pbuf.c.obj
                0x100077b4                pbuf_realloc
 .text.pbuf_add_header
                0x1000789c       0x54 CMakeFiles/webServer.dir/home/pi/pico/pico-sdk/lib/lwip/src/core/pbuf.c.obj
                0x1000789c                pbuf_add_header
 .text.pbuf_remove_header
                0x100078f0       0x44 CMakeFiles/webServer.dir/home/pi/pico/pico-sdk/lib/lwip/src/core/pbuf.c.obj
                0x100078f0                pbuf_remove_header
 .text.pbuf_header_force
                0x10007934       0x74 CMakeFiles/webServer.dir/home/pi/pico/pico-sdk/lib/lwip/src/core/pbuf.c.obj
                0x10007934                pbuf_header_force
 .text.pbuf_free
                0x100079a8       0x84 CMakeFiles/webServer.dir/home/pi/pico/pico-sdk/lib/lwip/src/core/pbuf.c.obj
                0x100079a8                pbuf_free
 .text.pbuf_clen
                0x10007a2c       0x14 CMakeFiles/webServer.dir/home/pi/pico/pico-sdk/lib/lwip/src/core/pbuf.c.obj
                0x10007a2c                pbuf_clen
 .text.pbuf_ref
                0x10007a40       0x28 CMakeFiles/webServer.dir/home/pi/pico/pico-sdk/lib/lwip/src/core/pbuf.c.obj
                0x10007a40                pbuf_ref
 .text.pbuf_cat
                0x10007a68       0x44 CMakeFiles/webServer.dir/home/pi/pico/pico-sdk/lib/lwip/src/core/pbuf.c.obj
                0x10007a68                pbuf_cat
 .text.pbuf_chain
                0x10007aac       0x6c CMakeFiles/webServer.dir/home/pi/pico/pico-sdk/lib/lwip/src/core/pbuf.c.obj
                0x10007aac                pbuf_chain
 .text.pbuf_copy_partial_pbuf
                0x10007b18      0x138 CMakeFiles/webServer.dir/home/pi/pico/pico-sdk/lib/lwip/src/core/pbuf.c.obj
                0x10007b18                pbuf_copy_partial_pbuf
 .text.pbuf_copy
                0x10007c50       0x18 CMakeFiles/webServer.dir/home/pi/pico/pico-sdk/lib/lwip/src/core/pbuf.c.obj
                0x10007c50                pbuf_copy
 .text.pbuf_copy_partial
                0x10007c68       0x64 CMakeFiles/webServer.dir/home/pi/pico/pico-sdk/lib/lwip/src/core/pbuf.c.obj
                0x10007c68                pbuf_copy_partial
 .text.pbuf_take
                0x10007ccc       0x78 CMakeFiles/webServer.dir/home/pi/pico/pico-sdk/lib/lwip/src/core/pbuf.c.obj
                0x10007ccc                pbuf_take
 .text.pbuf_take_at
                0x10007d44       0xc4 CMakeFiles/webServer.dir/home/pi/pico/pico-sdk/lib/lwip/src/core/pbuf.c.obj
                0x10007d44                pbuf_take_at
 .text.pbuf_clone
                0x10007e08      0x1c8 CMakeFiles/webServer.dir/home/pi/pico/pico-sdk/lib/lwip/src/core/pbuf.c.obj
                0x10007e08                pbuf_clone
 .text.pbuf_put_at
                0x10007fd0       0x1c CMakeFiles/webServer.dir/home/pi/pico/pico-sdk/lib/lwip/src/core/pbuf.c.obj
                0x10007fd0                pbuf_put_at
 .text.raw_input
                0x10007fec      0x15c CMakeFiles/webServer.dir/home/pi/pico/pico-sdk/lib/lwip/src/core/raw.c.obj
                0x10007fec                raw_input
 .text.raw_netif_ip_addr_changed
                0x10008148       0x40 CMakeFiles/webServer.dir/home/pi/pico/pico-sdk/lib/lwip/src/core/raw.c.obj
                0x10008148                raw_netif_ip_addr_changed
 .text.stats_init
                0x10008188        0x4 CMakeFiles/webServer.dir/home/pi/pico/pico-sdk/lib/lwip/src/core/stats.c.obj
                0x10008188                stats_init
 .text.tcp_pcb_purge.part.1
                0x1000818c       0xc4 CMakeFiles/webServer.dir/home/pi/pico/pico-sdk/lib/lwip/src/core/tcp.c.obj
 .text.tcp_init
                0x10008250       0x20 CMakeFiles/webServer.dir/home/pi/pico/pico-sdk/lib/lwip/src/core/tcp.c.obj
                0x10008250                tcp_init
 .text.tcp_free
                0x10008270       0x1c CMakeFiles/webServer.dir/home/pi/pico/pico-sdk/lib/lwip/src/core/tcp.c.obj
                0x10008270                tcp_free
 .text.tcp_bind
                0x1000828c       0xf4 CMakeFiles/webServer.dir/home/pi/pico/pico-sdk/lib/lwip/src/core/tcp.c.obj
                0x1000828c                tcp_bind
 .text.tcp_listen_with_backlog
                0x10008380       0xa4 CMakeFiles/webServer.dir/home/pi/pico/pico-sdk/lib/lwip/src/core/tcp.c.obj
                0x10008380                tcp_listen_with_backlog
 .text.tcp_update_rcv_ann_wnd
                0x10008424       0x60 CMakeFiles/webServer.dir/home/pi/pico/pico-sdk/lib/lwip/src/core/tcp.c.obj
                0x10008424                tcp_update_rcv_ann_wnd
 .text.tcp_recved
                0x10008484       0x98 CMakeFiles/webServer.dir/home/pi/pico/pico-sdk/lib/lwip/src/core/tcp.c.obj
                0x10008484                tcp_recved
 .text.tcp_slowtmr
                0x1000851c      0x594 CMakeFiles/webServer.dir/home/pi/pico/pico-sdk/lib/lwip/src/core/tcp.c.obj
                0x1000851c                tcp_slowtmr
 .text.tcp_segs_free
                0x10008ab0       0x38 CMakeFiles/webServer.dir/home/pi/pico/pico-sdk/lib/lwip/src/core/tcp.c.obj
                0x10008ab0                tcp_segs_free
 .text.tcp_seg_free
                0x10008ae8       0x1c CMakeFiles/webServer.dir/home/pi/pico/pico-sdk/lib/lwip/src/core/tcp.c.obj
                0x10008ae8                tcp_seg_free
 .text.tcp_setprio
                0x10008b04        0x8 CMakeFiles/webServer.dir/home/pi/pico/pico-sdk/lib/lwip/src/core/tcp.c.obj
                0x10008b04                tcp_setprio
 .text.tcp_seg_copy
                0x10008b0c       0x2c CMakeFiles/webServer.dir/home/pi/pico/pico-sdk/lib/lwip/src/core/tcp.c.obj
                0x10008b0c                tcp_seg_copy
 .text.tcp_arg  0x10008b38        0x8 CMakeFiles/webServer.dir/home/pi/pico/pico-sdk/lib/lwip/src/core/tcp.c.obj
                0x10008b38                tcp_arg
 .text.tcp_recv
                0x10008b40       0x1c CMakeFiles/webServer.dir/home/pi/pico/pico-sdk/lib/lwip/src/core/tcp.c.obj
                0x10008b40                tcp_recv
 .text.tcp_sent
                0x10008b5c       0x1c CMakeFiles/webServer.dir/home/pi/pico/pico-sdk/lib/lwip/src/core/tcp.c.obj
                0x10008b5c                tcp_sent
 .text.tcp_err  0x10008b78       0x1c CMakeFiles/webServer.dir/home/pi/pico/pico-sdk/lib/lwip/src/core/tcp.c.obj
                0x10008b78                tcp_err
 .text.tcp_accept
                0x10008b94       0x10 CMakeFiles/webServer.dir/home/pi/pico/pico-sdk/lib/lwip/src/core/tcp.c.obj
                0x10008b94                tcp_accept
 .text.tcp_poll
                0x10008ba4       0x20 CMakeFiles/webServer.dir/home/pi/pico/pico-sdk/lib/lwip/src/core/tcp.c.obj
                0x10008ba4                tcp_poll
 .text.tcp_pcb_purge
                0x10008bc4       0x18 CMakeFiles/webServer.dir/home/pi/pico/pico-sdk/lib/lwip/src/core/tcp.c.obj
                0x10008bc4                tcp_pcb_purge
 .text.tcp_pcb_remove
                0x10008bdc       0xc0 CMakeFiles/webServer.dir/home/pi/pico/pico-sdk/lib/lwip/src/core/tcp.c.obj
                0x10008bdc                tcp_pcb_remove
 .text.tcp_abandon
                0x10008c9c      0x1b4 CMakeFiles/webServer.dir/home/pi/pico/pico-sdk/lib/lwip/src/core/tcp.c.obj
                0x10008c9c                tcp_abandon
 .text.tcp_abort
                0x10008e50        0xc CMakeFiles/webServer.dir/home/pi/pico/pico-sdk/lib/lwip/src/core/tcp.c.obj
                0x10008e50                tcp_abort
 .text.tcp_accept_null
                0x10008e5c       0x1c CMakeFiles/webServer.dir/home/pi/pico/pico-sdk/lib/lwip/src/core/tcp.c.obj
 .text.tcp_alloc
                0x10008e78      0x224 CMakeFiles/webServer.dir/home/pi/pico/pico-sdk/lib/lwip/src/core/tcp.c.obj
                0x10008e78                tcp_alloc
 .text.tcp_new_ip_type
                0x1000909c      0x204 CMakeFiles/webServer.dir/home/pi/pico/pico-sdk/lib/lwip/src/core/tcp.c.obj
                0x1000909c                tcp_new_ip_type
 .text.tcp_close_shutdown
                0x100092a0      0x1ec CMakeFiles/webServer.dir/home/pi/pico/pico-sdk/lib/lwip/src/core/tcp.c.obj
 .text.tcp_recv_null
                0x1000948c       0xd4 CMakeFiles/webServer.dir/home/pi/pico/pico-sdk/lib/lwip/src/core/tcp.c.obj
                0x1000948c                tcp_recv_null
 .text.tcp_process_refused_data
                0x10009560      0x10c CMakeFiles/webServer.dir/home/pi/pico/pico-sdk/lib/lwip/src/core/tcp.c.obj
                0x10009560                tcp_process_refused_data
 .text.tcp_fasttmr
                0x1000966c      0x1c0 CMakeFiles/webServer.dir/home/pi/pico/pico-sdk/lib/lwip/src/core/tcp.c.obj
                0x1000966c                tcp_fasttmr
 .text.tcp_tmr  0x1000982c       0x20 CMakeFiles/webServer.dir/home/pi/pico/pico-sdk/lib/lwip/src/core/tcp.c.obj
                0x1000982c                tcp_tmr
 .text.tcp_close
                0x1000984c      0x1d8 CMakeFiles/webServer.dir/home/pi/pico/pico-sdk/lib/lwip/src/core/tcp.c.obj
                0x1000984c                tcp_close
 .text.tcp_next_iss
                0x10009a24       0x28 CMakeFiles/webServer.dir/home/pi/pico/pico-sdk/lib/lwip/src/core/tcp.c.obj
                0x10009a24                tcp_next_iss
 .text.tcp_eff_send_mss_netif
                0x10009a4c       0x34 CMakeFiles/webServer.dir/home/pi/pico/pico-sdk/lib/lwip/src/core/tcp.c.obj
                0x10009a4c                tcp_eff_send_mss_netif
 .text.tcp_netif_ip_addr_changed
                0x10009a80       0x98 CMakeFiles/webServer.dir/home/pi/pico/pico-sdk/lib/lwip/src/core/tcp.c.obj
                0x10009a80                tcp_netif_ip_addr_changed
 .text.tcp_free_ooseq
                0x10009b18       0x40 CMakeFiles/webServer.dir/home/pi/pico/pico-sdk/lib/lwip/src/core/tcp.c.obj
                0x10009b18                tcp_free_ooseq
 .text.tcp_parseopt
                0x10009b58      0x188 CMakeFiles/webServer.dir/home/pi/pico/pico-sdk/lib/lwip/src/core/tcp_in.c.obj
 .text.tcp_oos_insert_segment
                0x10009ce0       0xcc CMakeFiles/webServer.dir/home/pi/pico/pico-sdk/lib/lwip/src/core/tcp_in.c.obj
 .text.unlikely.tcp_input_delayed_close
                0x10009dac       0x4c CMakeFiles/webServer.dir/home/pi/pico/pico-sdk/lib/lwip/src/core/tcp_in.c.obj
 .text.tcp_free_acked_segments.isra.1
                0x10009df8       0xd4 CMakeFiles/webServer.dir/home/pi/pico/pico-sdk/lib/lwip/src/core/tcp_in.c.obj
 .text.tcp_receive
                0x10009ecc      0xa60 CMakeFiles/webServer.dir/home/pi/pico/pico-sdk/lib/lwip/src/core/tcp_in.c.obj
 .text.tcp_input
                0x1000a92c      0xd94 CMakeFiles/webServer.dir/home/pi/pico/pico-sdk/lib/lwip/src/core/tcp_in.c.obj
                0x1000a92c                tcp_input
 .text.tcp_trigger_input_pcb_close
                0x1000b6c0       0x10 CMakeFiles/webServer.dir/home/pi/pico/pico-sdk/lib/lwip/src/core/tcp_in.c.obj
                0x1000b6c0                tcp_trigger_input_pcb_close
 .text.tcp_output_control_segment
                0x1000b6d0       0xc0 CMakeFiles/webServer.dir/home/pi/pico/pico-sdk/lib/lwip/src/core/tcp_out.c.obj
 .text.tcp_write
                0x1000b790      0x424 CMakeFiles/webServer.dir/home/pi/pico/pico-sdk/lib/lwip/src/core/tcp_out.c.obj
                0x1000b790                tcp_write
 .text.tcp_split_unsent_seg
                0x1000bbb4      0x28c CMakeFiles/webServer.dir/home/pi/pico/pico-sdk/lib/lwip/src/core/tcp_out.c.obj
                0x1000bbb4                tcp_split_unsent_seg
 .text.tcp_send_fin
                0x1000be40      0x1c0 CMakeFiles/webServer.dir/home/pi/pico/pico-sdk/lib/lwip/src/core/tcp_out.c.obj
                0x1000be40                tcp_send_fin
 .text.tcp_enqueue_flags
                0x1000c000      0x1d8 CMakeFiles/webServer.dir/home/pi/pico/pico-sdk/lib/lwip/src/core/tcp_out.c.obj
                0x1000c000                tcp_enqueue_flags
 .text.tcp_rexmit_rto_prepare
                0x1000c1d8       0x94 CMakeFiles/webServer.dir/home/pi/pico/pico-sdk/lib/lwip/src/core/tcp_out.c.obj
                0x1000c1d8                tcp_rexmit_rto_prepare
 .text.tcp_rexmit
                0x1000c26c       0x9c CMakeFiles/webServer.dir/home/pi/pico/pico-sdk/lib/lwip/src/core/tcp_out.c.obj
                0x1000c26c                tcp_rexmit
 .text.tcp_rexmit_fast
                0x1000c308       0xe4 CMakeFiles/webServer.dir/home/pi/pico/pico-sdk/lib/lwip/src/core/tcp_out.c.obj
                0x1000c308                tcp_rexmit_fast
 .text.tcp_rst  0x1000c3ec       0xe8 CMakeFiles/webServer.dir/home/pi/pico/pico-sdk/lib/lwip/src/core/tcp_out.c.obj
                0x1000c3ec                tcp_rst
 .text.tcp_rst_netif
                0x1000c4d4      0x124 CMakeFiles/webServer.dir/home/pi/pico/pico-sdk/lib/lwip/src/core/tcp_out.c.obj
                0x1000c4d4                tcp_rst_netif
 .text.tcp_send_empty_ack
                0x1000c5f8      0x16c CMakeFiles/webServer.dir/home/pi/pico/pico-sdk/lib/lwip/src/core/tcp_out.c.obj
                0x1000c5f8                tcp_send_empty_ack
 .text.tcp_output
                0x1000c764      0x440 CMakeFiles/webServer.dir/home/pi/pico/pico-sdk/lib/lwip/src/core/tcp_out.c.obj
                0x1000c764                tcp_output
 .text.tcp_rexmit_rto_commit
                0x1000cba4       0x24 CMakeFiles/webServer.dir/home/pi/pico/pico-sdk/lib/lwip/src/core/tcp_out.c.obj
                0x1000cba4                tcp_rexmit_rto_commit
 .text.tcp_rexmit_rto
                0x1000cbc8       0xa0 CMakeFiles/webServer.dir/home/pi/pico/pico-sdk/lib/lwip/src/core/tcp_out.c.obj
                0x1000cbc8                tcp_rexmit_rto
 .text.tcp_keepalive
                0x1000cc68      0x154 CMakeFiles/webServer.dir/home/pi/pico/pico-sdk/lib/lwip/src/core/tcp_out.c.obj
                0x1000cc68                tcp_keepalive
 .text.tcp_zero_window_probe
                0x1000cdbc      0x1a0 CMakeFiles/webServer.dir/home/pi/pico/pico-sdk/lib/lwip/src/core/tcp_out.c.obj
                0x1000cdbc                tcp_zero_window_probe
 .text.tcpip_tcp_timer
                0x1000cf5c       0x80 CMakeFiles/webServer.dir/home/pi/pico/pico-sdk/lib/lwip/src/core/timeouts.c.obj
 .text.lwip_cyclic_timer
                0x1000cfdc       0xa4 CMakeFiles/webServer.dir/home/pi/pico/pico-sdk/lib/lwip/src/core/timeouts.c.obj
 .text.tcp_timer_needed
                0x1000d080       0x84 CMakeFiles/webServer.dir/home/pi/pico/pico-sdk/lib/lwip/src/core/timeouts.c.obj
                0x1000d080                tcp_timer_needed
 .text.sys_timeouts_init
                0x1000d104       0x94 CMakeFiles/webServer.dir/home/pi/pico/pico-sdk/lib/lwip/src/core/timeouts.c.obj
                0x1000d104                sys_timeouts_init
 .text.sys_check_timeouts
                0x1000d198       0x68 CMakeFiles/webServer.dir/home/pi/pico/pico-sdk/lib/lwip/src/core/timeouts.c.obj
                0x1000d198                sys_check_timeouts
 .text.sys_timeouts_sleeptime
                0x1000d200       0x28 CMakeFiles/webServer.dir/home/pi/pico/pico-sdk/lib/lwip/src/core/timeouts.c.obj
                0x1000d200                sys_timeouts_sleeptime
 .text.udp_init
                0x1000d228       0x20 CMakeFiles/webServer.dir/home/pi/pico/pico-sdk/lib/lwip/src/core/udp.c.obj
                0x1000d228                udp_init
 .text.udp_input
                0x1000d248      0x24c CMakeFiles/webServer.dir/home/pi/pico/pico-sdk/lib/lwip/src/core/udp.c.obj
                0x1000d248                udp_input
 .text.udp_sendto
                0x1000d494      0x20c CMakeFiles/webServer.dir/home/pi/pico/pico-sdk/lib/lwip/src/core/udp.c.obj
                0x1000d494                udp_sendto
 .text.udp_sendto_if
                0x1000d6a0      0x1d8 CMakeFiles/webServer.dir/home/pi/pico/pico-sdk/lib/lwip/src/core/udp.c.obj
                0x1000d6a0                udp_sendto_if
 .text.udp_sendto_if_src
                0x1000d878      0x1b8 CMakeFiles/webServer.dir/home/pi/pico/pico-sdk/lib/lwip/src/core/udp.c.obj
                0x1000d878                udp_sendto_if_src
 .text.udp_bind
                0x1000da30      0x108 CMakeFiles/webServer.dir/home/pi/pico/pico-sdk/lib/lwip/src/core/udp.c.obj
                0x1000da30                udp_bind
 .text.udp_connect
                0x1000db38      0x100 CMakeFiles/webServer.dir/home/pi/pico/pico-sdk/lib/lwip/src/core/udp.c.obj
                0x1000db38                udp_connect
 .text.udp_recv
                0x1000dc38        0xc CMakeFiles/webServer.dir/home/pi/pico/pico-sdk/lib/lwip/src/core/udp.c.obj
                0x1000dc38                udp_recv
 .text.udp_remove
                0x1000dc44       0x3c CMakeFiles/webServer.dir/home/pi/pico/pico-sdk/lib/lwip/src/core/udp.c.obj
                0x1000dc44                udp_remove
 .text.udp_new  0x1000dc80       0x1c CMakeFiles/webServer.dir/home/pi/pico/pico-sdk/lib/lwip/src/core/udp.c.obj
                0x1000dc80                udp_new
 .text.udp_netif_ip_addr_changed
                0x1000dc9c       0x40 CMakeFiles/webServer.dir/home/pi/pico/pico-sdk/lib/lwip/src/core/udp.c.obj
                0x1000dc9c                udp_netif_ip_addr_changed
 .text.dhcp_create_msg
                0x1000dcdc      0x15c CMakeFiles/webServer.dir/home/pi/pico/pico-sdk/lib/lwip/src/core/ipv4/dhcp.c.obj
 .text.unlikely.dhcp_bind
                0x1000de38       0xe8 CMakeFiles/webServer.dir/home/pi/pico/pico-sdk/lib/lwip/src/core/ipv4/dhcp.c.obj
 .text.unlikely.dhcp_handle_ack.isra.3
                0x1000df20       0xc4 CMakeFiles/webServer.dir/home/pi/pico/pico-sdk/lib/lwip/src/core/ipv4/dhcp.c.obj
 .text.dhcp_reboot
                0x1000dfe4      0x27c CMakeFiles/webServer.dir/home/pi/pico/pico-sdk/lib/lwip/src/core/ipv4/dhcp.c.obj
 .text.dhcp_select
                0x1000e260      0x308 CMakeFiles/webServer.dir/home/pi/pico/pico-sdk/lib/lwip/src/core/ipv4/dhcp.c.obj
 .text.dhcp_discover
                0x1000e568      0x1a0 CMakeFiles/webServer.dir/home/pi/pico/pico-sdk/lib/lwip/src/core/ipv4/dhcp.c.obj
 .text.dhcp_recv
                0x1000e708      0x48c CMakeFiles/webServer.dir/home/pi/pico/pico-sdk/lib/lwip/src/core/ipv4/dhcp.c.obj
 .text.dhcp_set_struct
                0x1000eb94       0x44 CMakeFiles/webServer.dir/home/pi/pico/pico-sdk/lib/lwip/src/core/ipv4/dhcp.c.obj
                0x1000eb94                dhcp_set_struct
 .text.dhcp_network_changed_link_up
                0x1000ebd8       0x40 CMakeFiles/webServer.dir/home/pi/pico/pico-sdk/lib/lwip/src/core/ipv4/dhcp.c.obj
                0x1000ebd8                dhcp_network_changed_link_up
 .text.dhcp_renew
                0x1000ec18      0x204 CMakeFiles/webServer.dir/home/pi/pico/pico-sdk/lib/lwip/src/core/ipv4/dhcp.c.obj
                0x1000ec18                dhcp_renew
 .text.dhcp_release_and_stop
                0x1000ee1c      0x180 CMakeFiles/webServer.dir/home/pi/pico/pico-sdk/lib/lwip/src/core/ipv4/dhcp.c.obj
                0x1000ee1c                dhcp_release_and_stop
 .text.dhcp_start
                0x1000ef9c      0x124 CMakeFiles/webServer.dir/home/pi/pico/pico-sdk/lib/lwip/src/core/ipv4/dhcp.c.obj
                0x1000ef9c                dhcp_start
 .text.dhcp_coarse_tmr
                0x1000f0c0      0x2c4 CMakeFiles/webServer.dir/home/pi/pico/pico-sdk/lib/lwip/src/core/ipv4/dhcp.c.obj
                0x1000f0c0                dhcp_coarse_tmr
 .text.dhcp_fine_tmr
                0x1000f384       0x78 CMakeFiles/webServer.dir/home/pi/pico/pico-sdk/lib/lwip/src/core/ipv4/dhcp.c.obj
                0x1000f384                dhcp_fine_tmr
 .text.dhcp_stop
                0x1000f3fc      0x180 CMakeFiles/webServer.dir/home/pi/pico/pico-sdk/lib/lwip/src/core/ipv4/dhcp.c.obj
                0x1000f3fc                dhcp_stop
 .text.etharp_raw
                0x1000f57c       0xf4 CMakeFiles/webServer.dir/home/pi/pico/pico-sdk/lib/lwip/src/core/ipv4/etharp.c.obj
 .text.etharp_output_to_arp_index
                0x1000f670       0xb8 CMakeFiles/webServer.dir/home/pi/pico/pico-sdk/lib/lwip/src/core/ipv4/etharp.c.obj
 .text.etharp_tmr
                0x1000f728       0xa8 CMakeFiles/webServer.dir/home/pi/pico/pico-sdk/lib/lwip/src/core/ipv4/etharp.c.obj
                0x1000f728                etharp_tmr
 .text.etharp_cleanup_netif
                0x1000f7d0      0x184 CMakeFiles/webServer.dir/home/pi/pico/pico-sdk/lib/lwip/src/core/ipv4/etharp.c.obj
                0x1000f7d0                etharp_cleanup_netif
 .text.etharp_input
                0x1000f954      0x73c CMakeFiles/webServer.dir/home/pi/pico/pico-sdk/lib/lwip/src/core/ipv4/etharp.c.obj
                0x1000f954                etharp_input
 .text.etharp_query
                0x10010090      0xaa0 CMakeFiles/webServer.dir/home/pi/pico/pico-sdk/lib/lwip/src/core/ipv4/etharp.c.obj
                0x10010090                etharp_query
 .text.etharp_output
                0x10010b30      0x238 CMakeFiles/webServer.dir/home/pi/pico/pico-sdk/lib/lwip/src/core/ipv4/etharp.c.obj
                0x10010b30                etharp_output
 .text.etharp_request
                0x10010d68       0xf8 CMakeFiles/webServer.dir/home/pi/pico/pico-sdk/lib/lwip/src/core/ipv4/etharp.c.obj
                0x10010d68                etharp_request
 .text.icmp_input
                0x10010e60      0x20c CMakeFiles/webServer.dir/home/pi/pico/pico-sdk/lib/lwip/src/core/ipv4/icmp.c.obj
                0x10010e60                icmp_input
 .text.icmp_dest_unreach
                0x1001106c       0xd0 CMakeFiles/webServer.dir/home/pi/pico/pico-sdk/lib/lwip/src/core/ipv4/icmp.c.obj
                0x1001106c                icmp_dest_unreach
 .text.icmp_time_exceeded
                0x1001113c       0xd0 CMakeFiles/webServer.dir/home/pi/pico/pico-sdk/lib/lwip/src/core/ipv4/icmp.c.obj
                0x1001113c                icmp_time_exceeded
 .text.ip_reass_free_complete_datagram
                0x1001120c      0x110 CMakeFiles/webServer.dir/home/pi/pico/pico-sdk/lib/lwip/src/core/ipv4/ip4_frag.c.obj
 .text.ip_reass_tmr
                0x1001131c       0x30 CMakeFiles/webServer.dir/home/pi/pico/pico-sdk/lib/lwip/src/core/ipv4/ip4_frag.c.obj
                0x1001131c                ip_reass_tmr
 .text.ip4_reass
                0x1001134c      0x710 CMakeFiles/webServer.dir/home/pi/pico/pico-sdk/lib/lwip/src/core/ipv4/ip4_frag.c.obj
                0x1001134c                ip4_reass
 .text.ip4_frag
                0x10011a5c      0x180 CMakeFiles/webServer.dir/home/pi/pico/pico-sdk/lib/lwip/src/core/ipv4/ip4_frag.c.obj
                0x10011a5c                ip4_frag
 .text.ip4_route
                0x10011bdc       0x7c CMakeFiles/webServer.dir/home/pi/pico/pico-sdk/lib/lwip/src/core/ipv4/ip4.c.obj
                0x10011bdc                ip4_route
 .text.ip4_input
                0x10011c58      0x2d8 CMakeFiles/webServer.dir/home/pi/pico/pico-sdk/lib/lwip/src/core/ipv4/ip4.c.obj
                0x10011c58                ip4_input
 .text.ip4_output_if
                0x10011f30      0x18c CMakeFiles/webServer.dir/home/pi/pico/pico-sdk/lib/lwip/src/core/ipv4/ip4.c.obj
                0x10011f30                ip4_output_if
 .text.ip4_output_if_src
                0x100120bc      0x17c CMakeFiles/webServer.dir/home/pi/pico/pico-sdk/lib/lwip/src/core/ipv4/ip4.c.obj
                0x100120bc                ip4_output_if_src
 .text.ip4_addr_isbroadcast_u32
                0x10012238       0x30 CMakeFiles/webServer.dir/home/pi/pico/pico-sdk/lib/lwip/src/core/ipv4/ip4_addr.c.obj
                0x10012238                ip4_addr_isbroadcast_u32
 .text.ethernet_input
                0x10012268       0xd0 CMakeFiles/webServer.dir/home/pi/pico/pico-sdk/lib/lwip/src/netif/ethernet.c.obj
                0x10012268                ethernet_input
 .text.ethernet_output
                0x10012338       0x6c CMakeFiles/webServer.dir/home/pi/pico/pico-sdk/lib/lwip/src/netif/ethernet.c.obj
                0x10012338                ethernet_output
 .text.cyw43_arch_set_async_context
                0x100123a4        0xc CMakeFiles/webServer.dir/home/pi/pico/pico-sdk/src/rp2_common/pico_cyw43_arch/cyw43_arch.c.obj
                0x100123a4                cyw43_arch_set_async_context
 .text.cyw43_arch_enable_sta_mode
                0x100123b0       0x1c CMakeFiles/webServer.dir/home/pi/pico/pico-sdk/src/rp2_common/pico_cyw43_arch/cyw43_arch.c.obj
                0x100123b0                cyw43_arch_enable_sta_mode
 .text.cyw43_arch_wifi_connect_async
                0x100123cc       0x44 CMakeFiles/webServer.dir/home/pi/pico/pico-sdk/src/rp2_common/pico_cyw43_arch/cyw43_arch.c.obj
                0x100123cc                cyw43_arch_wifi_connect_async
 .text.cyw43_arch_init_with_country
                0x10012410       0x10 CMakeFiles/webServer.dir/home/pi/pico/pico-sdk/src/rp2_common/pico_cyw43_arch/cyw43_arch.c.obj
                0x10012410                cyw43_arch_init_with_country
 .text.cyw43_arch_async_context
                0x10012420        0xc CMakeFiles/webServer.dir/home/pi/pico/pico-sdk/src/rp2_common/pico_cyw43_arch/cyw43_arch.c.obj
                0x10012420                cyw43_arch_async_context
 .text.cyw43_arch_init
                0x1001242c       0x80 CMakeFiles/webServer.dir/home/pi/pico/pico-sdk/src/rp2_common/pico_cyw43_arch/cyw43_arch_threadsafe_background.c.obj
                0x1001242c                cyw43_arch_init
 .text.ns_delay.constprop.17
                0x100124ac       0x20 CMakeFiles/webServer.dir/home/pi/pico/pico-sdk/src/rp2_common/pico_cyw43_driver/cyw43_bus_pio_spi.c.obj
 .text.cyw43_spi_transfer.constprop.16
                0x100124cc      0x1f0 CMakeFiles/webServer.dir/home/pi/pico/pico-sdk/src/rp2_common/pico_cyw43_driver/cyw43_bus_pio_spi.c.obj
 .text.cyw43_spi_init
                0x100126bc      0x1cc CMakeFiles/webServer.dir/home/pi/pico/pico-sdk/src/rp2_common/pico_cyw43_driver/cyw43_bus_pio_spi.c.obj
                0x100126bc                cyw43_spi_init
 .text.cyw43_spi_deinit
                0x10012888       0x7c CMakeFiles/webServer.dir/home/pi/pico/pico-sdk/src/rp2_common/pico_cyw43_driver/cyw43_bus_pio_spi.c.obj
                0x10012888                cyw43_spi_deinit
 .text.cyw43_spi_gpio_setup
                0x10012904       0x3c CMakeFiles/webServer.dir/home/pi/pico/pico-sdk/src/rp2_common/pico_cyw43_driver/cyw43_bus_pio_spi.c.obj
                0x10012904                cyw43_spi_gpio_setup
 .text.cyw43_spi_reset
                0x10012940       0x28 CMakeFiles/webServer.dir/home/pi/pico/pico-sdk/src/rp2_common/pico_cyw43_driver/cyw43_bus_pio_spi.c.obj
                0x10012940                cyw43_spi_reset
 .text.read_reg_u32_swap
                0x10012968      0x248 CMakeFiles/webServer.dir/home/pi/pico/pico-sdk/src/rp2_common/pico_cyw43_driver/cyw43_bus_pio_spi.c.obj
                0x10012968                read_reg_u32_swap
 .text.cyw43_read_reg_u32
                0x10012bb0      0x27c CMakeFiles/webServer.dir/home/pi/pico/pico-sdk/src/rp2_common/pico_cyw43_driver/cyw43_bus_pio_spi.c.obj
                0x10012bb0                cyw43_read_reg_u32
 .text.cyw43_read_reg_u16
                0x10012e2c      0x27c CMakeFiles/webServer.dir/home/pi/pico/pico-sdk/src/rp2_common/pico_cyw43_driver/cyw43_bus_pio_spi.c.obj
                0x10012e2c                cyw43_read_reg_u16
 .text.cyw43_read_reg_u8
                0x100130a8      0x27c CMakeFiles/webServer.dir/home/pi/pico/pico-sdk/src/rp2_common/pico_cyw43_driver/cyw43_bus_pio_spi.c.obj
                0x100130a8                cyw43_read_reg_u8
 .text.write_reg_u32_swap
                0x10013324      0x1e8 CMakeFiles/webServer.dir/home/pi/pico/pico-sdk/src/rp2_common/pico_cyw43_driver/cyw43_bus_pio_spi.c.obj
                0x10013324                write_reg_u32_swap
 .text.cyw43_write_reg_u32
                0x1001350c      0x208 CMakeFiles/webServer.dir/home/pi/pico/pico-sdk/src/rp2_common/pico_cyw43_driver/cyw43_bus_pio_spi.c.obj
                0x1001350c                cyw43_write_reg_u32
 .text.cyw43_write_reg_u16
                0x10013714      0x208 CMakeFiles/webServer.dir/home/pi/pico/pico-sdk/src/rp2_common/pico_cyw43_driver/cyw43_bus_pio_spi.c.obj
                0x10013714                cyw43_write_reg_u16
 .text.cyw43_write_reg_u8
                0x1001391c      0x208 CMakeFiles/webServer.dir/home/pi/pico/pico-sdk/src/rp2_common/pico_cyw43_driver/cyw43_bus_pio_spi.c.obj
                0x1001391c                cyw43_write_reg_u8
 .text.cyw43_read_bytes
                0x10013b24      0x304 CMakeFiles/webServer.dir/home/pi/pico/pico-sdk/src/rp2_common/pico_cyw43_driver/cyw43_bus_pio_spi.c.obj
                0x10013b24                cyw43_read_bytes
 .text.cyw43_write_bytes
                0x10013e28      0x308 CMakeFiles/webServer.dir/home/pi/pico/pico-sdk/src/rp2_common/pico_cyw43_driver/cyw43_bus_pio_spi.c.obj
                0x10013e28                cyw43_write_bytes
 .text.cyw43_ll_parse_async_event
                0x10014130      0x124 CMakeFiles/webServer.dir/home/pi/pico/pico-sdk/lib/cyw43-driver/src/cyw43_ll.c.obj
 .text.cyw43_ll_sdpcm_poll_device
                0x10014254      0x2a8 CMakeFiles/webServer.dir/home/pi/pico/pico-sdk/lib/cyw43-driver/src/cyw43_ll.c.obj
 .text.cyw43_sdpcm_send_common
                0x100144fc      0x154 CMakeFiles/webServer.dir/home/pi/pico/pico-sdk/lib/cyw43-driver/src/cyw43_ll.c.obj
 .text.cyw43_do_ioctl
                0x10014650      0x110 CMakeFiles/webServer.dir/home/pi/pico/pico-sdk/lib/cyw43-driver/src/cyw43_ll.c.obj
 .text.cyw43_do_ioctl.constprop.9
                0x10014760      0x108 CMakeFiles/webServer.dir/home/pi/pico/pico-sdk/lib/cyw43-driver/src/cyw43_ll.c.obj
 .text.reset_device_core.constprop.8
                0x10014868      0x624 CMakeFiles/webServer.dir/home/pi/pico/pico-sdk/lib/cyw43-driver/src/cyw43_ll.c.obj
 .text.cyw43_ll_init
                0x10014e8c       0x20 CMakeFiles/webServer.dir/home/pi/pico/pico-sdk/lib/cyw43-driver/src/cyw43_ll.c.obj
                0x10014e8c                cyw43_ll_init
 .text.cyw43_ll_deinit
                0x10014eac        0x8 CMakeFiles/webServer.dir/home/pi/pico/pico-sdk/lib/cyw43-driver/src/cyw43_ll.c.obj
                0x10014eac                cyw43_ll_deinit
 .text.cyw43_ll_send_ethernet
                0x10014eb4      0x190 CMakeFiles/webServer.dir/home/pi/pico/pico-sdk/lib/cyw43-driver/src/cyw43_ll.c.obj
                0x10014eb4                cyw43_ll_send_ethernet
 .text.cyw43_ll_process_packets
                0x10015044       0x54 CMakeFiles/webServer.dir/home/pi/pico/pico-sdk/lib/cyw43-driver/src/cyw43_ll.c.obj
                0x10015044                cyw43_ll_process_packets
 .text.cyw43_ll_ioctl
                0x10015098       0x20 CMakeFiles/webServer.dir/home/pi/pico/pico-sdk/lib/cyw43-driver/src/cyw43_ll.c.obj
                0x10015098                cyw43_ll_ioctl
 .text.cyw43_ll_bus_sleep
                0x100150b8       0xd8 CMakeFiles/webServer.dir/home/pi/pico/pico-sdk/lib/cyw43-driver/src/cyw43_ll.c.obj
                0x100150b8                cyw43_ll_bus_sleep
 .text.cyw43_ll_bus_init
                0x10015190      0xf8c CMakeFiles/webServer.dir/home/pi/pico/pico-sdk/lib/cyw43-driver/src/cyw43_ll.c.obj
                0x10015190                cyw43_ll_bus_init
 .text.cyw43_ll_wifi_on
                0x1001611c      0x238 CMakeFiles/webServer.dir/home/pi/pico/pico-sdk/lib/cyw43-driver/src/cyw43_ll.c.obj
                0x1001611c                cyw43_ll_wifi_on
 .text.cyw43_ll_wifi_get_mac
                0x10016354       0x40 CMakeFiles/webServer.dir/home/pi/pico/pico-sdk/lib/cyw43-driver/src/cyw43_ll.c.obj
                0x10016354                cyw43_ll_wifi_get_mac
 .text.cyw43_ll_wifi_pm
                0x10016394      0x1a0 CMakeFiles/webServer.dir/home/pi/pico/pico-sdk/lib/cyw43-driver/src/cyw43_ll.c.obj
                0x10016394                cyw43_ll_wifi_pm
 .text.cyw43_ll_wifi_join
                0x10016534      0x324 CMakeFiles/webServer.dir/home/pi/pico/pico-sdk/lib/cyw43-driver/src/cyw43_ll.c.obj
                0x10016534                cyw43_ll_wifi_join
 .text.cyw43_ll_wifi_set_wpa_auth
                0x10016858       0x2c CMakeFiles/webServer.dir/home/pi/pico/pico-sdk/lib/cyw43-driver/src/cyw43_ll.c.obj
                0x10016858                cyw43_ll_wifi_set_wpa_auth
 .text.cyw43_ll_wifi_rejoin
                0x10016884       0x1c CMakeFiles/webServer.dir/home/pi/pico/pico-sdk/lib/cyw43-driver/src/cyw43_ll.c.obj
                0x10016884                cyw43_ll_wifi_rejoin
 .text.cyw43_ll_wifi_ap_init
                0x100168a0      0x2c4 CMakeFiles/webServer.dir/home/pi/pico/pico-sdk/lib/cyw43-driver/src/cyw43_ll.c.obj
                0x100168a0                cyw43_ll_wifi_ap_init
 .text.cyw43_ll_wifi_ap_set_up
                0x10016b64       0x54 CMakeFiles/webServer.dir/home/pi/pico/pico-sdk/lib/cyw43-driver/src/cyw43_ll.c.obj
                0x10016b64                cyw43_ll_wifi_ap_set_up
 .text.cyw43_ll_has_work
                0x10016bb8       0x14 CMakeFiles/webServer.dir/home/pi/pico/pico-sdk/lib/cyw43-driver/src/cyw43_ll.c.obj
                0x10016bb8                cyw43_ll_has_work
 .text.cyw43_netif_init
                0x10016bcc       0x3c CMakeFiles/webServer.dir/home/pi/pico/pico-sdk/lib/cyw43-driver/src/cyw43_lwip.c.obj
 .text.cyw43_netif_output
                0x10016c08       0x38 CMakeFiles/webServer.dir/home/pi/pico/pico-sdk/lib/cyw43-driver/src/cyw43_lwip.c.obj
 .text.cyw43_cb_tcpip_init
                0x10016c40       0xbc CMakeFiles/webServer.dir/home/pi/pico/pico-sdk/lib/cyw43-driver/src/cyw43_lwip.c.obj
                0x10016c40                cyw43_cb_tcpip_init
 .text.cyw43_cb_tcpip_deinit
                0x10016cfc       0x4c CMakeFiles/webServer.dir/home/pi/pico/pico-sdk/lib/cyw43-driver/src/cyw43_lwip.c.obj
                0x10016cfc                cyw43_cb_tcpip_deinit
 .text.cyw43_cb_process_ethernet
                0x10016d48       0x68 CMakeFiles/webServer.dir/home/pi/pico/pico-sdk/lib/cyw43-driver/src/cyw43_lwip.c.obj
                0x10016d48                cyw43_cb_process_ethernet
 .text.cyw43_cb_tcpip_set_link_up
                0x10016db0       0x18 CMakeFiles/webServer.dir/home/pi/pico/pico-sdk/lib/cyw43-driver/src/cyw43_lwip.c.obj
                0x10016db0                cyw43_cb_tcpip_set_link_up
 .text.cyw43_cb_tcpip_set_link_down
                0x10016dc8       0x18 CMakeFiles/webServer.dir/home/pi/pico/pico-sdk/lib/cyw43-driver/src/cyw43_lwip.c.obj
                0x10016dc8                cyw43_cb_tcpip_set_link_down
 .text.cyw43_poll_func
                0x10016de0       0xb8 CMakeFiles/webServer.dir/home/pi/pico/pico-sdk/lib/cyw43-driver/src/cyw43_ctrl.c.obj
 .text.cyw43_init
                0x10016e98       0x84 CMakeFiles/webServer.dir/home/pi/pico/pico-sdk/lib/cyw43-driver/src/cyw43_ctrl.c.obj
                0x10016e98                cyw43_init
 .text.cyw43_deinit
                0x10016f1c       0xa8 CMakeFiles/webServer.dir/home/pi/pico/pico-sdk/lib/cyw43-driver/src/cyw43_ctrl.c.obj
                0x10016f1c                cyw43_deinit
 .text.cyw43_cb_read_host_interrupt_pin
                0x10016fc4        0xc CMakeFiles/webServer.dir/home/pi/pico/pico-sdk/lib/cyw43-driver/src/cyw43_ctrl.c.obj
                0x10016fc4                cyw43_cb_read_host_interrupt_pin
 .text.cyw43_cb_ensure_awake
                0x10016fd0        0xc CMakeFiles/webServer.dir/home/pi/pico/pico-sdk/lib/cyw43-driver/src/cyw43_ctrl.c.obj
                0x10016fd0                cyw43_cb_ensure_awake
 .text.cyw43_cb_process_async_event
                0x10016fdc      0x230 CMakeFiles/webServer.dir/home/pi/pico/pico-sdk/lib/cyw43-driver/src/cyw43_ctrl.c.obj
                0x10016fdc                cyw43_cb_process_async_event
 .text.cyw43_send_ethernet
                0x1001720c       0xbc CMakeFiles/webServer.dir/home/pi/pico/pico-sdk/lib/cyw43-driver/src/cyw43_ctrl.c.obj
                0x1001720c                cyw43_send_ethernet
 .text.cyw43_wifi_get_mac
                0x100172c8       0x10 CMakeFiles/webServer.dir/home/pi/pico/pico-sdk/lib/cyw43-driver/src/cyw43_ctrl.c.obj
                0x100172c8                cyw43_wifi_get_mac
 .text.cyw43_wifi_set_up
                0x100172d8      0x30c CMakeFiles/webServer.dir/home/pi/pico/pico-sdk/lib/cyw43-driver/src/cyw43_ctrl.c.obj
                0x100172d8                cyw43_wifi_set_up
 .text.cyw43_wifi_join
                0x100175e4       0xe8 CMakeFiles/webServer.dir/home/pi/pico/pico-sdk/lib/cyw43-driver/src/cyw43_ctrl.c.obj
                0x100175e4                cyw43_wifi_join
 .text.pio_sm_unclaim
                0x100176cc       0x20 CMakeFiles/webServer.dir/home/pi/pico/pico-sdk/src/rp2_common/hardware_pio/pio.c.obj
                0x100176cc                pio_sm_unclaim
 .text.pio_claim_unused_sm
                0x100176ec       0x3c CMakeFiles/webServer.dir/home/pi/pico/pico-sdk/src/rp2_common/hardware_pio/pio.c.obj
                0x100176ec                pio_claim_unused_sm
 .text.pio_can_add_program
                0x10017728       0x68 CMakeFiles/webServer.dir/home/pi/pico/pico-sdk/src/rp2_common/hardware_pio/pio.c.obj
                0x10017728                pio_can_add_program
 .text.pio_add_program
                0x10017790       0xec CMakeFiles/webServer.dir/home/pi/pico/pico-sdk/src/rp2_common/hardware_pio/pio.c.obj
                0x10017790                pio_add_program
 .text.pio_remove_program
                0x1001787c       0x34 CMakeFiles/webServer.dir/home/pi/pico/pico-sdk/src/rp2_common/hardware_pio/pio.c.obj
                0x1001787c                pio_remove_program
 .text.pio_sm_set_pindirs_with_mask
                0x100178b0       0xa4 CMakeFiles/webServer.dir/home/pi/pico/pico-sdk/src/rp2_common/hardware_pio/pio.c.obj
                0x100178b0                pio_sm_set_pindirs_with_mask
 .text.pio_sm_set_consecutive_pindirs
                0x10017954       0xb0 CMakeFiles/webServer.dir/home/pi/pico/pico-sdk/src/rp2_common/hardware_pio/pio.c.obj
                0x10017954                pio_sm_set_consecutive_pindirs
 .text.dma_channel_unclaim
                0x10017a04       0x10 CMakeFiles/webServer.dir/home/pi/pico/pico-sdk/src/rp2_common/hardware_dma/dma.c.obj
                0x10017a04                dma_channel_unclaim
 .text.dma_claim_unused_channel
                0x10017a14       0x20 CMakeFiles/webServer.dir/home/pi/pico/pico-sdk/src/rp2_common/hardware_dma/dma.c.obj
                0x10017a14                dma_claim_unused_channel
 .text.dma_channel_cleanup
                0x10017a34       0x60 CMakeFiles/webServer.dir/home/pi/pico/pico-sdk/src/rp2_common/hardware_dma/dma.c.obj
                0x10017a34                dma_channel_cleanup
 .text.cyw43_sleep_timeout_reached
                0x10017a94       0x10 CMakeFiles/webServer.dir/home/pi/pico/pico-sdk/src/rp2_common/pico_cyw43_driver/cyw43_driver.c.obj
 .text.cyw43_irq_init
                0x10017aa4       0x28 CMakeFiles/webServer.dir/home/pi/pico/pico-sdk/src/rp2_common/pico_cyw43_driver/cyw43_driver.c.obj
                0x10017aa4                cyw43_irq_init
 .text.cyw43_irq_deinit
                0x10017acc       0x20 CMakeFiles/webServer.dir/home/pi/pico/pico-sdk/src/rp2_common/pico_cyw43_driver/cyw43_driver.c.obj
                0x10017acc                cyw43_irq_deinit
 .text.cyw43_gpio_irq_handler
                0x10017aec       0x44 CMakeFiles/webServer.dir/home/pi/pico/pico-sdk/src/rp2_common/pico_cyw43_driver/cyw43_driver.c.obj
 .text.cyw43_do_poll
                0x10017b30       0x6c CMakeFiles/webServer.dir/home/pi/pico/pico-sdk/src/rp2_common/pico_cyw43_driver/cyw43_driver.c.obj
 .text.cyw43_post_poll_hook
                0x10017b9c       0x10 CMakeFiles/webServer.dir/home/pi/pico/pico-sdk/src/rp2_common/pico_cyw43_driver/cyw43_driver.c.obj
                0x10017b9c                cyw43_post_poll_hook
 .text.cyw43_schedule_internal_poll_dispatch
                0x10017bac       0x18 CMakeFiles/webServer.dir/home/pi/pico/pico-sdk/src/rp2_common/pico_cyw43_driver/cyw43_driver.c.obj
                0x10017bac                cyw43_schedule_internal_poll_dispatch
 .text.cyw43_driver_init
                0x10017bc4       0x38 CMakeFiles/webServer.dir/home/pi/pico/pico-sdk/src/rp2_common/pico_cyw43_driver/cyw43_driver.c.obj
                0x10017bc4                cyw43_driver_init
 .text.cyw43_driver_deinit
                0x10017bfc       0x44 CMakeFiles/webServer.dir/home/pi/pico/pico-sdk/src/rp2_common/pico_cyw43_driver/cyw43_driver.c.obj
                0x10017bfc                cyw43_driver_deinit
 .text.cyw43_hal_generate_laa_mac
                0x10017c40       0x28 CMakeFiles/webServer.dir/home/pi/pico/pico-sdk/src/rp2_common/pico_cyw43_driver/cyw43_driver.c.obj
                0x10017c40                cyw43_hal_generate_laa_mac
 .text.cyw43_hal_get_mac
                0x10017c68       0x1c CMakeFiles/webServer.dir/home/pi/pico/pico-sdk/src/rp2_common/pico_cyw43_driver/cyw43_driver.c.obj
                0x10017c68                cyw43_hal_get_mac
 .text.cyw43_thread_enter
                0x10017c84       0x14 CMakeFiles/webServer.dir/home/pi/pico/pico-sdk/src/rp2_common/pico_cyw43_driver/cyw43_driver.c.obj
                0x10017c84                cyw43_thread_enter
 .text.cyw43_thread_exit
                0x10017c98       0x14 CMakeFiles/webServer.dir/home/pi/pico/pico-sdk/src/rp2_common/pico_cyw43_driver/cyw43_driver.c.obj
                0x10017c98                cyw43_thread_exit
 .text.cyw43_await_background_or_timeout_us
                0x10017cac       0x30 CMakeFiles/webServer.dir/home/pi/pico/pico-sdk/src/rp2_common/pico_cyw43_driver/cyw43_driver.c.obj
                0x10017cac                cyw43_await_background_or_timeout_us
 .text.cyw43_delay_ms
                0x10017cdc       0x44 CMakeFiles/webServer.dir/home/pi/pico/pico-sdk/src/rp2_common/pico_cyw43_driver/cyw43_driver.c.obj
                0x10017cdc                cyw43_delay_ms
 .text.cyw43_delay_us
                0x10017d20       0x30 CMakeFiles/webServer.dir/home/pi/pico/pico-sdk/src/rp2_common/pico_cyw43_driver/cyw43_driver.c.obj
                0x10017d20                cyw43_delay_us
 .text.async_context_threadsafe_background_acquire_lock_blocking
                0x10017d50        0xc CMakeFiles/webServer.dir/home/pi/pico/pico-sdk/src/rp2_common/pico_async_context/async_context_threadsafe_background.c.obj
 .text.alarm_handler
                0x10017d5c       0x20 CMakeFiles/webServer.dir/home/pi/pico/pico-sdk/src/rp2_common/pico_async_context/async_context_threadsafe_background.c.obj
 .text.async_context_threadsafe_background_set_work_pending
                0x10017d7c       0x1c CMakeFiles/webServer.dir/home/pi/pico/pico-sdk/src/rp2_common/pico_async_context/async_context_threadsafe_background.c.obj
 .text.process_under_lock
                0x10017d98       0xf0 CMakeFiles/webServer.dir/home/pi/pico/pico-sdk/src/rp2_common/pico_async_context/async_context_threadsafe_background.c.obj
 .text.async_context_threadsafe_background_execute_sync
                0x10017e88       0x34 CMakeFiles/webServer.dir/home/pi/pico/pico-sdk/src/rp2_common/pico_async_context/async_context_threadsafe_background.c.obj
                0x10017e88                async_context_threadsafe_background_execute_sync
 .text.async_context_threadsafe_background_deinit
                0x10017ebc       0x54 CMakeFiles/webServer.dir/home/pi/pico/pico-sdk/src/rp2_common/pico_async_context/async_context_threadsafe_background.c.obj
 .text.low_priority_irq_handler
                0x10017f10       0x40 CMakeFiles/webServer.dir/home/pi/pico/pico-sdk/src/rp2_common/pico_async_context/async_context_threadsafe_background.c.obj
 .text.async_context_threadsafe_background_wait_for_work_until
                0x10017f50        0xc CMakeFiles/webServer.dir/home/pi/pico/pico-sdk/src/rp2_common/pico_async_context/async_context_threadsafe_background.c.obj
 .text.async_context_threadsafe_background_wait_until
                0x10017f5c       0x1c CMakeFiles/webServer.dir/home/pi/pico/pico-sdk/src/rp2_common/pico_async_context/async_context_threadsafe_background.c.obj
 .text.async_context_threadsafe_background_lock_check
                0x10017f78       0x28 CMakeFiles/webServer.dir/home/pi/pico/pico-sdk/src/rp2_common/pico_async_context/async_context_threadsafe_background.c.obj
 .text.async_context_threadsafe_background_release_lock
                0x10017fa0       0x1c CMakeFiles/webServer.dir/home/pi/pico/pico-sdk/src/rp2_common/pico_async_context/async_context_threadsafe_background.c.obj
 .text.async_context_threadsafe_background_when_pending_worker
                0x10017fbc       0x34 CMakeFiles/webServer.dir/home/pi/pico/pico-sdk/src/rp2_common/pico_async_context/async_context_threadsafe_background.c.obj
 .text.async_context_threadsafe_background_remove_at_time_worker
                0x10017ff0       0x34 CMakeFiles/webServer.dir/home/pi/pico/pico-sdk/src/rp2_common/pico_async_context/async_context_threadsafe_background.c.obj
 .text.async_context_threadsafe_background_add_when_pending_worker
                0x10018024       0x34 CMakeFiles/webServer.dir/home/pi/pico/pico-sdk/src/rp2_common/pico_async_context/async_context_threadsafe_background.c.obj
 .text.async_context_threadsafe_background_add_at_time_worker
                0x10018058       0x34 CMakeFiles/webServer.dir/home/pi/pico/pico-sdk/src/rp2_common/pico_async_context/async_context_threadsafe_background.c.obj
 .text.async_context_threadsafe_background_default_config
                0x1001808c        0xc CMakeFiles/webServer.dir/home/pi/pico/pico-sdk/src/rp2_common/pico_async_context/async_context_threadsafe_background.c.obj
                0x1001808c                async_context_threadsafe_background_default_config
 .text.async_context_threadsafe_background_init
                0x10018098       0x8c CMakeFiles/webServer.dir/home/pi/pico/pico-sdk/src/rp2_common/pico_async_context/async_context_threadsafe_background.c.obj
                0x10018098                async_context_threadsafe_background_init
 .text.fs_open  0x10018124       0x4c CMakeFiles/webServer.dir/home/pi/pico/pico-sdk/lib/lwip/src/apps/http/fs.c.obj
                0x10018124                fs_open
 .text.fs_close
                0x10018170        0x4 CMakeFiles/webServer.dir/home/pi/pico/pico-sdk/lib/lwip/src/apps/http/fs.c.obj
                0x10018170                fs_close
 .text.fs_bytes_left
                0x10018174        0x8 CMakeFiles/webServer.dir/home/pi/pico/pico-sdk/lib/lwip/src/apps/http/fs.c.obj
                0x10018174                fs_bytes_left
 .text.http_accept
                0x1001817c       0x74 CMakeFiles/webServer.dir/home/pi/pico/pico-sdk/lib/lwip/src/apps/http/httpd.c.obj
 .text.http_close_or_abort_conn.constprop.8
                0x100181f0       0x80 CMakeFiles/webServer.dir/home/pi/pico/pico-sdk/lib/lwip/src/apps/http/httpd.c.obj
 .text.http_err
                0x10018270       0x38 CMakeFiles/webServer.dir/home/pi/pico/pico-sdk/lib/lwip/src/apps/http/httpd.c.obj
 .text.http_send.part.2
                0x100182a8      0x7dc CMakeFiles/webServer.dir/home/pi/pico/pico-sdk/lib/lwip/src/apps/http/httpd.c.obj
 .text.http_recv
                0x10018a84      0x620 CMakeFiles/webServer.dir/home/pi/pico/pico-sdk/lib/lwip/src/apps/http/httpd.c.obj
 .text.http_sent
                0x100190a4       0x54 CMakeFiles/webServer.dir/home/pi/pico/pico-sdk/lib/lwip/src/apps/http/httpd.c.obj
 .text.http_poll
                0x100190f8       0xac CMakeFiles/webServer.dir/home/pi/pico/pico-sdk/lib/lwip/src/apps/http/httpd.c.obj
 .text.httpd_init
                0x100191a4       0x5c CMakeFiles/webServer.dir/home/pi/pico/pico-sdk/lib/lwip/src/apps/http/httpd.c.obj
                0x100191a4                httpd_init
 .text.http_set_ssi_handler
                0x10019200       0x48 CMakeFiles/webServer.dir/home/pi/pico/pico-sdk/lib/lwip/src/apps/http/httpd.c.obj
                0x10019200                http_set_ssi_handler
 .text.http_set_cgi_handlers
                0x10019248       0x30 CMakeFiles/webServer.dir/home/pi/pico/pico-sdk/lib/lwip/src/apps/http/httpd.c.obj
                0x10019248                http_set_cgi_handlers
 .text.adc_init
                0x10019278       0x38 CMakeFiles/webServer.dir/home/pi/pico/pico-sdk/src/rp2_common/hardware_adc/adc.c.obj
                0x10019278                adc_init
 .text          0x100192b0       0xd4 /usr/lib/gcc/arm-none-eabi/7.3.1/../../../arm-none-eabi/lib/thumb/v6-m/libc.a(lib_a-strchr.o)
                0x100192b0                strchr
 .text          0x10019384       0x88 /usr/lib/gcc/arm-none-eabi/7.3.1/../../../arm-none-eabi/lib/thumb/v6-m/libc.a(lib_a-strcmp.o)
                0x10019384                strcmp
 .text          0x1001940c       0x64 /usr/lib/gcc/arm-none-eabi/7.3.1/../../../arm-none-eabi/lib/thumb/v6-m/libc.a(lib_a-strlen-stub.o)
                0x1001940c                strlen
 .text          0x10019470       0x8c /usr/lib/gcc/arm-none-eabi/7.3.1/../../../arm-none-eabi/lib/thumb/v6-m/libc.a(lib_a-strncmp.o)
                0x10019470                strncmp
 *(.fini)
 .fini          0x100194fc        0x4 /usr/lib/gcc/arm-none-eabi/7.3.1/thumb/v6-m/crti.o
                0x100194fc                _fini
 .fini.__stub   0x10019500       0xc0 linker stubs
 *crtbegin.o(.ctors)
 *crtbegin?.o(.ctors)
 *(EXCLUDE_FILE(*crtend.o *crtend?.o) .ctors)
 *(SORT_BY_NAME(.ctors.*))
 *(.ctors)
 *crtbegin.o(.dtors)
 *crtbegin?.o(.dtors)
 *(EXCLUDE_FILE(*crtend.o *crtend?.o) .dtors)
 *(SORT_BY_NAME(.dtors.*))
 *(.dtors)
 *(.eh_frame*)
 .eh_frame      0x100195c0        0x0 /usr/lib/gcc/arm-none-eabi/7.3.1/thumb/v6-m/crtbegin.o
                0x100195c0                . = ALIGN (0x4)

.glue_7         0x100195c0        0x0
 .glue_7        0x100195c0        0x0 linker stubs

.glue_7t        0x100195c0        0x0
 .glue_7t       0x100195c0        0x0 linker stubs

.vfp11_veneer   0x100195c0        0x0
 .vfp11_veneer  0x100195c0        0x0 linker stubs

.v4_bx          0x100195c0        0x0
 .v4_bx         0x100195c0        0x0 linker stubs

.iplt           0x100195c0        0x0
 .iplt          0x100195c0        0x0 /usr/lib/gcc/arm-none-eabi/7.3.1/thumb/v6-m/crtbegin.o

.rodata         0x100195c0    0x3a26c
 *(EXCLUDE_FILE(*libm.a: *libc.a:*lib_a-mem*.o *libgcc.a:) .rodata*)
 .rodata        0x100195c0        0xc CMakeFiles/webServer.dir/webServer.c.obj
 .rodata.cgiHandlers
                0x100195cc        0x8 CMakeFiles/webServer.dir/webServer.c.obj
 .rodata.cgiLedHangler.str1.4
                0x100195d4        0xb CMakeFiles/webServer.dir/webServer.c.obj
                                  0xf (size before relaxing)
 *fill*         0x100195df        0x1 
 .rodata.connectToWiFi.str1.4
                0x100195e0       0x15 CMakeFiles/webServer.dir/webServer.c.obj
 *fill*         0x100195f5        0x3 
 .rodata.customSSIHandler.str1.4
                0x100195f8       0x13 CMakeFiles/webServer.dir/webServer.c.obj
 *fill*         0x1001960b        0x1 
 .rodata.password
                0x1001960c        0xb CMakeFiles/webServer.dir/webServer.c.obj
                0x1001960c                password
 *fill*         0x10019617        0x1 
 .rodata.ssid   0x10019618        0x7 CMakeFiles/webServer.dir/webServer.c.obj
                0x10019618                ssid
 *fill*         0x1001961f        0x1 
 .rodata.str1.4
                0x10019620       0x19 CMakeFiles/webServer.dir/webServer.c.obj
                                 0x1d (size before relaxing)
 *fill*         0x10019639        0x3 
 .rodata.user_irq_claim_unused.str1.4
                0x1001963c       0x1b CMakeFiles/webServer.dir/home/pi/pico/pico-sdk/src/rp2_common/hardware_irq/irq.c.obj
 *fill*         0x10019657        0x1 
 .rodata.at_the_end_of_time
                0x10019658        0x8 CMakeFiles/webServer.dir/home/pi/pico/pico-sdk/src/common/pico_time/time.c.obj
                0x10019658                at_the_end_of_time
 .rodata.hardware_alarm_claim.str1.4
                0x10019660       0x22 CMakeFiles/webServer.dir/home/pi/pico/pico-sdk/src/rp2_common/hardware_timer/timer.c.obj
 *fill*         0x10019682        0x2 
 .rodata.hard_assertion_failure.str1.4
                0x10019684        0xc CMakeFiles/webServer.dir/home/pi/pico/pico-sdk/src/rp2_common/pico_runtime/runtime.c.obj
 .rodata.panic.str1.4
                0x10019690       0x10 CMakeFiles/webServer.dir/home/pi/pico/pico-sdk/src/rp2_common/pico_runtime/runtime.c.obj
                                 0x12 (size before relaxing)
 .rodata._vsnprintf
                0x100196a0      0x1e0 CMakeFiles/webServer.dir/home/pi/pico/pico-sdk/src/rp2_common/pico_printf/printf.c.obj
 .rodata._etoa.part.0.str1.4
                0x10019880        0x9 CMakeFiles/webServer.dir/home/pi/pico/pico-sdk/src/rp2_common/pico_printf/printf.c.obj
 *fill*         0x10019889        0x3 
 .rodata._ftoa.str1.4
                0x1001988c        0xc CMakeFiles/webServer.dir/home/pi/pico/pico-sdk/src/rp2_common/pico_printf/printf.c.obj
 .rodata.pow10.5391
                0x10019898       0x50 CMakeFiles/webServer.dir/home/pi/pico/pico-sdk/src/rp2_common/pico_printf/printf.c.obj
 .rodata.missing_double_func_shim.str1.4
                0x100198e8       0x18 CMakeFiles/webServer.dir/home/pi/pico/pico-sdk/src/rp2_common/pico_double/double_init_rom.c.obj
 .rodata.missing_float_func_shim.str1.4
                0x10019900       0x18 CMakeFiles/webServer.dir/home/pi/pico/pico-sdk/src/rp2_common/pico_float/float_init_rom.c.obj
                                  0x1 (size before relaxing)
 .rodata.__bi_44